Archive member included to satisfy reference by file (symbol)

arch/arm/lib/lib.a(lib1funcs.o)
                              arch/arm/mach-omap2/built-in.o (__aeabi_uidiv)
arch/arm/lib/lib.a(div0.o)    arch/arm/lib/lib.a(lib1funcs.o) (__div0)

Discarded input sections

 .data          0x0000000000000000        0x0 arch/arm/cpu/armv7/start.o
 .bss           0x0000000000000000        0x0 arch/arm/cpu/armv7/start.o
 .text          0x0000000000000000        0x0 board/ti/am335x/built-in.o
 .text.do_board_detect
                0x0000000000000000       0x30 board/ti/am335x/built-in.o
 .rodata.do_board_detect.str1.1
                0x0000000000000000       0x1b board/ti/am335x/built-in.o
 .data          0x0000000000000000        0x0 board/ti/am335x/built-in.o
 .bss           0x0000000000000000        0x0 board/ti/am335x/built-in.o
 .text.mmu_page_table_flush
                0x0000000000000000       0x1e arch/arm/cpu/armv7/built-in.o
 .text.v7_arch_cp15_set_l2aux_ctrl
                0x0000000000000000        0x6 arch/arm/cpu/armv7/built-in.o
 .text.v7_arch_cp15_set_acr
                0x0000000000000000        0x6 arch/arm/cpu/armv7/built-in.o
 .text.sdelay   0x0000000000000000        0x6 arch/arm/cpu/armv7/built-in.o
 .text.wait_on_value
                0x0000000000000000       0x1e arch/arm/cpu/armv7/built-in.o
 .data          0x0000000000000000        0x0 arch/arm/cpu/armv7/built-in.o
 .bss           0x0000000000000000        0x0 arch/arm/cpu/armv7/built-in.o
 .text.armv7_boot_nonsec_default
                0x0000000000000000        0x4 arch/arm/lib/built-in.o
 .text.enable_caches
                0x0000000000000000        0xc arch/arm/lib/built-in.o
 .text.invalidate_dcache_range
                0x0000000000000000        0x2 arch/arm/lib/built-in.o
 .text.flush_dcache_range
                0x0000000000000000        0x2 arch/arm/lib/built-in.o
 .text.flush_dcache_all
                0x0000000000000000        0xa arch/arm/lib/built-in.o
 .text.invalidate_l2_cache
                0x0000000000000000        0xc arch/arm/lib/built-in.o
 .text.arm_init_before_mmu
                0x0000000000000000        0x2 arch/arm/lib/built-in.o
 .text.arm_init_domains
                0x0000000000000000        0x2 arch/arm/lib/built-in.o
 .text.mmu_page_table_flush
                0x0000000000000000        0x2 arch/arm/lib/built-in.o
 .text.mmu_set_region_dcache_behaviour
                0x0000000000000000       0x40 arch/arm/lib/built-in.o
 .text.dram_bank_mmu_setup
                0x0000000000000000       0x2a arch/arm/lib/built-in.o
 .text.icache_status
                0x0000000000000000        0xa arch/arm/lib/built-in.o
 .text.fdt_psci
                0x0000000000000000        0x4 arch/arm/lib/built-in.o
 .rodata.enable_caches.str1.1
                0x0000000000000000       0x1d arch/arm/lib/built-in.o
 .data          0x0000000000000000        0x0 arch/arm/lib/built-in.o
 .__secure_end  0x0000000000000000        0x0 arch/arm/lib/built-in.o
 .__secure_stack_end
                0x0000000000000000        0x0 arch/arm/lib/built-in.o
 .__secure_stack_start
                0x0000000000000000        0x0 arch/arm/lib/built-in.o
 .__secure_start
                0x0000000000000000        0x0 arch/arm/lib/built-in.o
 .bss           0x0000000000000000        0x0 arch/arm/lib/built-in.o
 .text.get_dpll_mpu_params
                0x0000000000000000        0x8 arch/arm/mach-omap2/built-in.o
 .text.get_dpll_core_params
                0x0000000000000000        0x8 arch/arm/mach-omap2/built-in.o
 .text.get_dpll_per_params
                0x0000000000000000        0x8 arch/arm/mach-omap2/built-in.o
 .text.setup_clocks_for_console
                0x0000000000000000       0x7c arch/arm/mach-omap2/built-in.o
 .text.enable_basic_clocks
                0x0000000000000000       0x44 arch/arm/mach-omap2/built-in.o
 .text.set_mpu_spreadspectrum
                0x0000000000000000       0xc0 arch/arm/mach-omap2/built-in.o
 .text.do_setup_dpll
                0x0000000000000000       0xe0 arch/arm/mach-omap2/built-in.o
 .text.do_enable_clocks
                0x0000000000000000       0x64 arch/arm/mach-omap2/built-in.o
 .text.do_disable_clocks
                0x0000000000000000       0x6c arch/arm/mach-omap2/built-in.o
 .text.scale_vcores
                0x0000000000000000        0x2 arch/arm/mach-omap2/built-in.o
 .text.setup_early_clocks
                0x0000000000000000       0x12 arch/arm/mach-omap2/built-in.o
 .text.prcm_init
                0x0000000000000000       0x5c arch/arm/mach-omap2/built-in.o
 .text.get_sysboot_value
                0x0000000000000000       0x14 arch/arm/mach-omap2/built-in.o
 .text.am335x_get_efuse_mpu_max_freq
                0x0000000000000000       0x82 arch/arm/mach-omap2/built-in.o
 .text.am335x_get_tps65910_mpu_vdd
                0x0000000000000000       0x28 arch/arm/mach-omap2/built-in.o
 .text.configure_mr
                0x0000000000000000       0x88 arch/arm/mach-omap2/built-in.o
 .text.config_sdram_emif4d5
[...]
Memory Configuration

Name             Origin             Length             Attributes
*default*        0x0000000000000000 0xffffffffffffffff

Linker script and memory map

Address of section .text set to 0x80800000
                0x0000000000000000                . = 0x0
                0x0000000000000000                . = ALIGN (0x4)

.text           0x0000000080800000    0x3768c
 *(.__image_copy_start)
 .__image_copy_start
                0x0000000080800000        0x0 arch/arm/lib/built-in.o
                0x0000000080800000                __image_copy_start
 *(.vectors)
 .vectors       0x0000000080800000      0x2e8 arch/arm/lib/built-in.o
                0x0000000080800000                _start
                0x0000000080800020                _undefined_instruction
                0x0000000080800024                _software_interrupt
                0x0000000080800028                _prefetch_abort
                0x000000008080002c                _data_abort
                0x0000000080800030                _not_used
                0x0000000080800034                _irq
                0x0000000080800038                _fiq
                0x0000000080800040                IRQ_STACK_START_IN
 arch/arm/cpu/armv7/start.o(.text*)
 .text          0x00000000808002e8       0xa4 arch/arm/cpu/armv7/start.o
                0x00000000808002e8                reset
                0x00000000808002ec                save_boot_params_ret
                0x0000000080800320                c_runtime_cpu_setup
                0x0000000080800334                cpu_init_cp15
 board/ti/am335x/built-in.o(.text*)
 .text.cpsw_control
                0x000000008080038c        0x2 board/ti/am335x/built-in.o
 *fill*         0x000000008080038e        0x2 
 .text.request_and_set_gpio
                0x0000000080800390       0x58 board/ti/am335x/built-in.o
 .text.board_init
                0x00000000808003e8      0x184 board/ti/am335x/built-in.o
                0x00000000808003e8                board_init
 .text.board_late_init
                0x000000008080056c       0xf8 board/ti/am335x/built-in.o
                0x000000008080056c                board_late_init
 .text.board_eth_init
                0x0000000080800664      0x150 board/ti/am335x/built-in.o
                0x0000000080800664                board_eth_init
 *(.text*)
 .text          0x00000000808007b4      0x158 arch/arm/cpu/armv7/built-in.o
                0x00000000808007b4                __v7_flush_dcache_all
                0x0000000080800850                v7_flush_dcache_all
                0x0000000080800860                __v7_invalidate_dcache_all
                0x00000000808008fc                v7_invalidate_dcache_all
 .text.invalidate_icache_all
                0x000000008080090c       0x14 arch/arm/cpu/armv7/built-in.o
                0x000000008080090c                invalidate_icache_all
 .text.v7_outer_cache_enable
                0x0000000080800920        0x2 arch/arm/cpu/armv7/built-in.o
                0x0000000080800920                v7_outer_cache_enable
 .text.v7_outer_cache_disable
                0x0000000080800922        0x2 arch/arm/cpu/armv7/built-in.o
                0x0000000080800922                v7_outer_cache_disable
 .text.v7_outer_cache_flush_all
                0x0000000080800924        0x2 arch/arm/cpu/armv7/built-in.o
                0x0000000080800924                v7_outer_cache_flush_all
 .text.flush_dcache_all
                0x0000000080800926        0xe arch/arm/cpu/armv7/built-in.o
                0x0000000080800926                flush_dcache_all
 .text.v7_outer_cache_inval_all
                0x0000000080800934        0x2 arch/arm/cpu/armv7/built-in.o
                0x0000000080800934                v7_outer_cache_inval_all
 .text.invalidate_dcache_all
                0x0000000080800936        0xe arch/arm/cpu/armv7/built-in.o
                0x0000000080800936                invalidate_dcache_all
 .text.arm_init_before_mmu
                0x0000000080800944       0x22 arch/arm/cpu/armv7/built-in.o
                0x0000000080800944                arm_init_before_mmu
 .text.v7_outer_cache_flush_range
                0x0000000080800966        0x2 arch/arm/cpu/armv7/built-in.o
                0x0000000080800966                v7_outer_cache_flush_range
 .text.flush_dcache_range
                0x0000000080800968       0x38 arch/arm/cpu/armv7/built-in.o
                0x0000000080800968                flush_dcache_range
 .text.v7_outer_cache_inval_range
                0x00000000808009a0        0x2 arch/arm/cpu/armv7/built-in.o
                0x00000000808009a0                v7_outer_cache_inval_range
 .text.invalidate_dcache_range
                0x00000000808009a2       0x42 arch/arm/cpu/armv7/built-in.o
                0x00000000808009a2                invalidate_dcache_range
 .text.cpu_cache_initialization
                0x00000000808009e4        0x2 arch/arm/cpu/armv7/built-in.o
                0x00000000808009e4                cpu_cache_initialization
 .text.cleanup_before_linux_select
                0x00000000808009e6       0x3e arch/arm/cpu/armv7/built-in.o
                0x00000000808009e6                cleanup_before_linux_select
 .text.cleanup_before_linux
                0x0000000080800a24        0x6 arch/arm/cpu/armv7/built-in.o
                0x0000000080800a24                cleanup_before_linux
 *fill*         0x0000000080800a2a       0x16 
 .text          0x0000000080800a40      0x420 arch/arm/lib/built-in.o
                0x0000000080800a40                _main
                0x0000000080800ae0                memset
                0x0000000080800b80                memcpy
 .text.relocate_vectors
                0x0000000080800e60       0x70 arch/arm/lib/built-in.o
                0x0000000080800e60                relocate_vectors
                0x0000000080800e6c                relocate_code
 .text.arch_fixup_fdt
                0x0000000080800ed0       0x24 arch/arm/lib/built-in.o
                0x0000000080800ed0                arch_fixup_fdt
 .text.arch_lmb_reserve
                0x0000000080800ef4       0x1a arch/arm/lib/built-in.o
                0x0000000080800ef4                arch_lmb_reserve
 .text.board_quiesce_devices
                0x0000000080800f0e        0x2 arch/arm/lib/built-in.o
                0x0000000080800f0e                board_quiesce_devices
 .text.boot_jump_linux
                0x0000000080800f10       0x88 arch/arm/lib/built-in.o
 .text.setup_board_tags
                0x0000000080800f98        0x2 arch/arm/lib/built-in.o
                0x0000000080800f98                setup_board_tags
 *fill*         0x0000000080800f9a        0x2 
 .text.boot_prep_linux
                0x0000000080800f9c      0x104 arch/arm/lib/built-in.o
 .text.do_bootm_linux
                0x00000000808010a0       0x44 arch/arm/lib/built-in.o
                0x00000000808010a0                do_bootm_linux
 .text.boot_prep_vxworks
                0x00000000808010e4       0x34 arch/arm/lib/built-in.o
                0x00000000808010e4                boot_prep_vxworks
 .text.boot_jump_vxworks
                0x0000000080801118        0xa arch/arm/lib/built-in.o
                0x0000000080801118                boot_jump_vxworks
 *fill*         0x0000000080801122        0x2 
 .text.bootz_setup
                0x0000000080801124       0x6c arch/arm/lib/built-in.o
                0x0000000080801124                bootz_setup
 .text.arch_reserve_stacks
                0x0000000080801190       0x16 arch/arm/lib/built-in.o
                0x0000000080801190                arch_reserve_stacks
 *fill*         0x00000000808011a6        0x2 
 .text.interrupt_init
                0x00000000808011a8       0x14 arch/arm/lib/built-in.o
                0x00000000808011a8                interrupt_init
 .text.enable_interrupts
                0x00000000808011bc        0x2 arch/arm/lib/built-in.o
                0x00000000808011bc                enable_interrupts
 .text.disable_interrupts
                0x00000000808011be        0x4 arch/arm/lib/built-in.o
                0x00000000808011be                disable_interrupts
 *fill*         0x00000000808011c2        0x2 
 .text.bad_mode
                0x00000000808011c4        0xc arch/arm/lib/built-in.o
                0x00000000808011c4                bad_mode
 .text.show_regs
                0x00000000808011d0      0x108 arch/arm/lib/built-in.o
                0x00000000808011d0                show_regs
 .text.do_undefined_instruction
                0x00000000808012d8       0x1c arch/arm/lib/built-in.o
                0x00000000808012d8                do_undefined_instruction
 .text.do_software_interrupt
                0x00000000808012f4       0x1c arch/arm/lib/built-in.o
                0x00000000808012f4                do_software_interrupt
 .text.do_prefetch_abort
                0x0000000080801310       0x1c arch/arm/lib/built-in.o
                0x0000000080801310                do_prefetch_abort
 .text.do_data_abort
                0x000000008080132c       0x1c arch/arm/lib/built-in.o
                0x000000008080132c                do_data_abort
 .text.do_not_used
                0x0000000080801348       0x1c arch/arm/lib/built-in.o
                0x0000000080801348                do_not_used
 .text.do_fiq   0x0000000080801364       0x1c arch/arm/lib/built-in.o
                0x0000000080801364                do_fiq
 .text.do_irq   0x0000000080801380       0x1c arch/arm/lib/built-in.o
                0x0000000080801380                do_irq
 .text.reset_misc
                0x000000008080139c        0x2 arch/arm/lib/built-in.o
                0x000000008080139c                reset_misc
 *fill*         0x000000008080139e        0x2 
 .text.do_reset
                0x00000000808013a0       0x28 arch/arm/lib/built-in.o
                0x00000000808013a0                do_reset
 .text.flush_cache
                0x00000000808013c8        0x6 arch/arm/lib/built-in.o
                0x00000000808013c8                flush_cache
 *fill*         0x00000000808013ce        0x2 
 .text.check_cache_range
                0x00000000808013d0       0x20 arch/arm/lib/built-in.o
                0x00000000808013d0                check_cache_range
 .text.cp_delay
                0x00000000808013f0       0x18 arch/arm/lib/built-in.o
 .text.cache_disable
                0x0000000080801408       0x34 arch/arm/lib/built-in.o
 .text.set_section_dcache
                0x000000008080143c       0x12 arch/arm/lib/built-in.o
                0x000000008080143c                set_section_dcache
 .text.icache_enable
                0x000000008080144e       0x18 arch/arm/lib/built-in.o
                0x000000008080144e                icache_enable
 .text.icache_disable
                0x0000000080801466        0x8 arch/arm/lib/built-in.o
                0x0000000080801466                icache_disable
 .text.dcache_enable
                0x000000008080146e       0x70 arch/arm/lib/built-in.o
                0x000000008080146e                dcache_enable
 .text.dcache_disable
                0x00000000808014de        0x6 arch/arm/lib/built-in.o
                0x00000000808014de                dcache_disable
 .text.dcache_status
                0x00000000808014e4        0xa arch/arm/lib/built-in.o
                0x00000000808014e4                dcache_status
 *fill*         0x00000000808014ee        0x2 
 .text          0x00000000808014f0       0x60 arch/arm/mach-omap2/built-in.o
                0x00000000808014f0                save_boot_params
                0x00000000808014fc                omap_smc1
                0x0000000080801518                omap_smc_sec
 .text.get_cpu_rev
                0x0000000080801550       0x10 arch/arm/mach-omap2/built-in.o
                0x0000000080801550                get_cpu_rev
 .text.get_cpu_type
                0x0000000080801560       0x14 arch/arm/mach-omap2/built-in.o
                0x0000000080801560                get_cpu_type
 .text.get_device_type
                0x0000000080801574       0x14 arch/arm/mach-omap2/built-in.o
                0x0000000080801574                get_device_type
 .text.print_cpuinfo
                0x0000000080801588       0x84 arch/arm/mach-omap2/built-in.o
                0x0000000080801588                print_cpuinfo
 .text.dram_init
                0x000000008080160c       0x16 arch/arm/mach-omap2/built-in.o
                0x000000008080160c                dram_init
 .text.dram_init_banksize
                0x0000000080801622       0x16 arch/arm/mach-omap2/built-in.o
                0x0000000080801622                dram_init_banksize
 .text.am33xx_otg0_set_phy_power
                0x0000000080801638       0x20 arch/arm/mach-omap2/built-in.o
 .text.am33xx_otg1_set_phy_power
                0x0000000080801658       0x20 arch/arm/mach-omap2/built-in.o
 .text.cpu_mmc_init
                0x0000000080801678       0x28 arch/arm/mach-omap2/built-in.o
                0x0000000080801678                cpu_mmc_init
 .text.arch_misc_init
                0x00000000808016a0       0x34 arch/arm/mach-omap2/built-in.o
                0x00000000808016a0                arch_misc_init
 .text.arch_cpu_init_dm
                0x00000000808016d4        0x4 arch/arm/mach-omap2/built-in.o
                0x00000000808016d4                arch_cpu_init_dm
 .text.clk_synthesizer_reg_write
                0x00000000808016d8       0x38 arch/arm/mach-omap2/built-in.o
 .text.setup_clock_synthesizer
                0x0000000080801710       0x94 arch/arm/mach-omap2/built-in.o
                0x0000000080801710                setup_clock_synthesizer
 .text.reset_cpu
                0x00000000808017a4       0x10 arch/arm/mach-omap2/built-in.o
                0x00000000808017a4                reset_cpu
 .text.timer_init
                0x00000000808017b4       0x18 arch/arm/mach-omap2/built-in.o
                0x00000000808017b4                timer_init
 .text.__udelay
                0x00000000808017cc       0x34 arch/arm/mach-omap2/built-in.o
                0x00000000808017cc                __udelay
 .text.get_timer_masked
                0x0000000080801800       0x54 arch/arm/mach-omap2/built-in.o
                0x0000000080801800                get_timer_masked
 .text.get_timer
                0x0000000080801854        0xc arch/arm/mach-omap2/built-in.o
                0x0000000080801854                get_timer
 .text.get_ticks
                0x0000000080801860        0xa arch/arm/mach-omap2/built-in.o
                0x0000000080801860                get_ticks
 .text.get_tbclk
                0x000000008080186a        0x6 arch/arm/mach-omap2/built-in.o
                0x000000008080186a                get_tbclk
 .text.enable_caches
                0x0000000080801870        0x4 arch/arm/mach-omap2/built-in.o
                0x0000000080801870                enable_caches
 .text.dram_bank_mmu_setup
                0x0000000080801874       0x26 arch/arm/mach-omap2/built-in.o
                0x0000000080801874                dram_bank_mmu_setup
 .text.arm_init_domains
                0x000000008080189a       0x16 arch/arm/mach-omap2/built-in.o
                0x000000008080189a                arm_init_domains
 .text.fb_set_reboot_flag
                0x00000000808018b0       0x24 arch/arm/mach-omap2/built-in.o
                0x00000000808018b0                fb_set_reboot_flag
 .text.board_ti_is
                0x00000000808018d4       0x30 board/ti/common/built-in.o
                0x00000000808018d4                board_ti_is
 .text.board_ti_get_rev
                0x0000000080801904        0x8 board/ti/common/built-in.o
                0x0000000080801904                board_ti_get_rev
 .text.board_ti_get_config
                0x000000008080190c        0x8 board/ti/common/built-in.o
                0x000000008080190c                board_ti_get_config
 .text.set_board_info_env
                0x0000000080801914       0x3c board/ti/common/built-in.o
                0x0000000080801914                set_board_info_env
 .text.do_go_exec
                0x0000000080801950        0x8 cmd/built-in.o
                0x0000000080801950                do_go_exec
 .text.do_go    0x0000000080801958       0x4c cmd/built-in.o
 .text.do_bootm
                0x00000000808019a4       0xa0 cmd/built-in.o
                0x00000000808019a4                do_bootm
 .text.do_bootd
                0x0000000080801a44       0x18 cmd/built-in.o
                0x0000000080801a44                do_bootd
 .text.image_info
                0x0000000080801a5c       0xd8 cmd/built-in.o
 .text.do_iminfo
                0x0000000080801b34       0x3c cmd/built-in.o
 .text.bootm_maybe_autostart
                0x0000000080801b70       0x4c cmd/built-in.o
                0x0000000080801b70                bootm_maybe_autostart
 .text.do_help  0x0000000080801bbc       0x2c cmd/built-in.o
 .text.do_version
                0x0000000080801be8       0x2c cmd/built-in.o
 .text.source   0x0000000080801c14      0x11c cmd/built-in.o
                0x0000000080801c14                source
 .text.do_source
                0x0000000080801d30       0x50 cmd/built-in.o
 .text.print_num
                0x0000000080801d80       0x10 cmd/built-in.o
 .text.do_bdinfo
                0x0000000080801d90      0x138 cmd/built-in.o
 .text.bootefi_open_dp
                0x0000000080801ec8        0xc cmd/built-in.o
 .text.do_bootefi_exec
                0x0000000080801ed4      0x1d8 cmd/built-in.o
 .text.do_bootefi
                0x00000000808020ac       0x5c cmd/built-in.o
 .text.efi_set_bootdev
                0x0000000080802108       0xd0 cmd/built-in.o
                0x0000000080802108                efi_set_bootdev
 .text.do_bootz
                0x00000000808021d8       0xa4 cmd/built-in.o
                0x00000000808021d8                do_bootz
 .text.do_coninfo
                0x000000008080227c       0x88 cmd/built-in.o
 .text.do_echo  0x0000000080802304       0x74 cmd/built-in.o
 .text.parse_numeric_param
                0x0000000080802378       0x1c cmd/built-in.o
 .text.parse_i2c_bus_addr
                0x0000000080802394       0x54 cmd/built-in.o
 .text.eeprom_write_enable
                0x00000000808023e8        0x4 cmd/built-in.o
                0x00000000808023e8                eeprom_write_enable
 .text.eeprom_init
                0x00000000808023ec       0x18 cmd/built-in.o
                0x00000000808023ec                eeprom_init
 .text.eeprom_read
                0x0000000080802404       0x4c cmd/built-in.o
                0x0000000080802404                eeprom_read
 .text.eeprom_write
                0x0000000080802450       0x6c cmd/built-in.o
                0x0000000080802450                eeprom_write
 .text.do_eeprom
                0x00000000808024bc       0xd4 cmd/built-in.o
                0x00000000808024bc                do_eeprom
 .text.load_elf_image_shdr
                0x0000000080802590       0x4a cmd/built-in.o
 *fill*         0x00000000808025da        0x2 
 .text.valid_elf_image
                0x00000000808025dc       0x30 cmd/built-in.o
                0x00000000808025dc                valid_elf_image
 .text.do_bootelf
                0x000000008080260c      0x118 cmd/built-in.o
                0x000000008080260c                do_bootelf
 .text.do_bootvx
                0x0000000080802724      0x248 cmd/built-in.o
                0x0000000080802724                do_bootvx
 .text.do_exit  0x000000008080296c       0x20 cmd/built-in.o
 .text.do_ext4_size
                0x000000008080298c        0xe cmd/built-in.o
                0x000000008080298c                do_ext4_size
 .text.do_ext4_load
                0x000000008080299a        0xe cmd/built-in.o
                0x000000008080299a                do_ext4_load
 .text.do_ext4_ls
                0x00000000808029a8        0xe cmd/built-in.o
                0x00000000808029a8                do_ext4_ls
 .text.do_ext4_write
                0x00000000808029b6        0xe cmd/built-in.o
                0x00000000808029b6                do_ext4_write
 .text.do_ext2load
                0x00000000808029c4        0xe cmd/built-in.o
                0x00000000808029c4                do_ext2load
 .text.do_ext2ls
                0x00000000808029d2        0xe cmd/built-in.o
 .text.do_fat_size
                0x00000000808029e0        0xe cmd/built-in.o
                0x00000000808029e0                do_fat_size
 .text.do_fat_fsload
                0x00000000808029ee        0xe cmd/built-in.o
                0x00000000808029ee                do_fat_fsload
 .text.do_fat_ls
                0x00000000808029fc        0xe cmd/built-in.o
 *fill*         0x0000000080802a0a        0x2 
 .text.do_fat_fsinfo
                0x0000000080802a0c       0x54 cmd/built-in.o
 .text.do_fat_fswrite
                0x0000000080802a60       0xbc cmd/built-in.o
 .text.fdt_valid
                0x0000000080802b1c       0x74 cmd/built-in.o
 .text.is_printable_string
                0x0000000080802b90       0x48 cmd/built-in.o
 .text.print_data
                0x0000000080802bd8      0x104 cmd/built-in.o
 .text.set_working_fdt_addr
                0x0000000080802cdc       0x14 cmd/built-in.o
                0x0000000080802cdc                set_working_fdt_addr
 .text.do_fdt   0x0000000080802cf0      0x984 cmd/built-in.o
 .text.do_size_wrapper
                0x0000000080803674        0xe cmd/built-in.o
 *fill*         0x0000000080803682        0x2 
 .text.do_load_wrapper
                0x0000000080803684       0x40 cmd/built-in.o
 .text.do_save_wrapper
                0x00000000808036c4        0xe cmd/built-in.o
 .text.do_ls_wrapper
                0x00000000808036d2        0xe cmd/built-in.o
 .text.do_fstype_wrapper
                0x00000000808036e0        0x4 cmd/built-in.o
 .text.gpio_get_description
                0x00000000808036e4       0x78 cmd/built-in.o
 .text.do_gpio  0x000000008080375c      0x20c cmd/built-in.o
 .text.do_i2c   0x0000000080803968       0x3c cmd/built-in.o
 .text.do_i2c_bus_speed
                0x00000000808039a4       0x54 cmd/built-in.o
 .text.do_i2c_reset
                0x00000000808039f8       0x20 cmd/built-in.o
 .text.do_i2c_probe
                0x0000000080803a18       0x5c cmd/built-in.o
 .text.do_i2c_bus_num
                0x0000000080803a74       0x80 cmd/built-in.o
 .text.do_i2c_show_bus
                0x0000000080803af4       0x8c cmd/built-in.o
 .text.get_alen.constprop.8
                0x0000000080803b80       0x1c cmd/built-in.o
 .text.do_i2c_crc
                0x0000000080803b9c       0xb8 cmd/built-in.o
 .text.mod_i2c_mem.isra.5.part.6
                0x0000000080803c54      0x13c cmd/built-in.o
 .text.do_i2c_nm
                0x0000000080803d90       0x12 cmd/built-in.o
 *fill*         0x0000000080803da2        0x2 
 .text.do_i2c_md
                0x0000000080803da4      0x14c cmd/built-in.o
 .text.do_i2c_read
                0x0000000080803ef0       0x78 cmd/built-in.o
 .text.do_i2c_mw
                0x0000000080803f68       0xa4 cmd/built-in.o
 .text.do_i2c_write
                0x000000008080400c       0xd8 cmd/built-in.o
 .text.do_i2c_loop
                0x00000000808040e4       0x9c cmd/built-in.o
 .text.do_i2c_mm
                0x0000000080804180       0x12 cmd/built-in.o
 .text.i2c_init_board
                0x0000000080804192        0x2 cmd/built-in.o
                0x0000000080804192                i2c_init_board
 .text.evalexp  0x0000000080804194       0x44 cmd/built-in.o
 .text.evalstr  0x00000000808041d8       0x3c cmd/built-in.o
 .text.binary_test
                0x0000000080804214      0x100 cmd/built-in.o
 .text.do_itest
                0x0000000080804314       0x4c cmd/built-in.o
 .text.bin_data_init
                0x0000000080804360       0x1c cmd/built-in.o
 .text.k_data_save
                0x000000008080437c       0x34 cmd/built-in.o
 .text.k_data_restore
                0x00000000808043b0       0x34 cmd/built-in.o
 .text.getcxmodem
                0x00000000808043e4       0x16 cmd/built-in.o
 *fill*         0x00000000808043fa        0x2 
 .text.load_serial_ymodem
                0x00000000808043fc       0x90 cmd/built-in.o
 .text.bin_data_char
                0x000000008080448c       0x1c cmd/built-in.o
 .text.chk1.constprop.1
                0x00000000808044a8       0x20 cmd/built-in.o
 .text.s1_sendpacket.constprop.2
                0x00000000808044c8       0x34 cmd/built-in.o
 .text.load_serial
                0x00000000808044fc      0x12c cmd/built-in.o
 .text.do_load_serial
                0x0000000080804628       0x8c cmd/built-in.o
 .text.do_load_serial_bin
                0x00000000808046b4      0x514 cmd/built-in.o
 .text.do_mem_md
                0x0000000080804bc8       0xa0 cmd/built-in.o
 .text.do_mem_base
                0x0000000080804c68       0x28 cmd/built-in.o
 .text.do_mem_crc
                0x0000000080804c90       0x2c cmd/built-in.o
 .text.do_mem_mw
                0x0000000080804cbc       0x7c cmd/built-in.o
 .text.do_mem_loop
                0x0000000080804d38       0x82 cmd/built-in.o
 *fill*         0x0000000080804dba        0x2 
 .text.mod_mem.isra.2.part.3
                0x0000000080804dbc       0xe8 cmd/built-in.o
 .text.do_mem_mm
                0x0000000080804ea4       0x12 cmd/built-in.o
 *fill*         0x0000000080804eb6        0x2 
 .text.do_mem_cp
                0x0000000080804eb8       0x8c cmd/built-in.o
 .text.do_mem_cmp
                0x0000000080804f44      0x100 cmd/built-in.o
 .text.do_mem_nm
                0x0000000080805044       0x12 cmd/built-in.o
 .text.extract_range
                0x0000000080805056       0x7a cmd/built-in.o
 .text.do_mii   0x00000000808050d0      0x5fc cmd/built-in.o
 .text.do_mdio  0x00000000808056cc      0x300 cmd/built-in.o
 .text.do_sleep
                0x00000000808059cc       0x88 cmd/built-in.o
 .text.do_mmcops
                0x0000000080805a54       0x78 cmd/built-in.o
 .text.init_mmc_device
                0x0000000080805acc       0x34 cmd/built-in.o
 .text.do_mmc_rescan
                0x0000000080805b00       0x18 cmd/built-in.o
 .text.do_mmc_hwpartition
                0x0000000080805b18      0x38c cmd/built-in.o
 .text.do_mmc_list
                0x0000000080805ea4        0xc cmd/built-in.o
 .text.do_mmc_dev
                0x0000000080805eb0       0xc4 cmd/built-in.o
 .text.do_mmcinfo
                0x0000000080805f74      0x28c cmd/built-in.o
 .text.do_mmc_setdsr
                0x0000000080806200       0x70 cmd/built-in.o
 .text.do_mmc_part
                0x0000000080806270       0x38 cmd/built-in.o
 .text.do_mmc_erase
                0x00000000808062a8       0x9c cmd/built-in.o
 .text.do_mmc_write
                0x0000000080806344       0xb0 cmd/built-in.o
 .text.do_mmc_read
                0x00000000808063f4       0xa4 cmd/built-in.o
 .text.netboot_common
                0x0000000080806498      0x1c4 cmd/built-in.o
 .text.do_bootp
                0x000000008080665c        0x8 cmd/built-in.o
 .text.do_dhcp  0x0000000080806664        0x8 cmd/built-in.o
 .text.do_nfs   0x000000008080666c        0x8 cmd/built-in.o
 .text.do_tftpb
                0x0000000080806674       0x26 cmd/built-in.o
                0x0000000080806674                do_tftpb
 *fill*         0x000000008080669a        0x2 
 .text.do_ping  0x000000008080669c       0x48 cmd/built-in.o
 .text.do_part_list
                0x00000000808066e4       0xf0 cmd/built-in.o
 .text.do_part_start
                0x00000000808067d4       0x84 cmd/built-in.o
 .text.do_part_size
                0x0000000080806858       0x84 cmd/built-in.o
 .text.do_part  0x00000000808068dc       0xb0 cmd/built-in.o
 .text.eol_or_eof
                0x000000008080698c       0x12 cmd/built-in.o
 *fill*         0x000000008080699e        0x2 
 .text.do_pxe   0x00000000808069a0       0x48 cmd/built-in.o
 .text.label_print
                0x00000000808069e8       0x14 cmd/built-in.o
 .text.do_get_tftp
                0x00000000808069fc       0x2c cmd/built-in.o
 .text.from_env
                0x0000000080806a28       0x1c cmd/built-in.o
 .text.get_string
                0x0000000080806a44       0x7c cmd/built-in.o
 .text.label_destroy
                0x0000000080806ac0       0x3e cmd/built-in.o
 .text.destroy_pxe_menu
                0x0000000080806afe       0x36 cmd/built-in.o
 .text.get_token
                0x0000000080806b34       0x98 cmd/built-in.o
 .text.parse_sliteral
                0x0000000080806bcc       0x34 cmd/built-in.o
 .text.parse_integer
                0x0000000080806c00       0x44 cmd/built-in.o
 .text.do_get_any
                0x0000000080806c44       0x2c cmd/built-in.o
 .text.do_get_fat
                0x0000000080806c70       0x28 cmd/built-in.o
 .text.do_get_ext2
                0x0000000080806c98       0x28 cmd/built-in.o
 .text.format_mac_pxe.constprop.7
                0x0000000080806cc0       0x54 cmd/built-in.o
 .text.get_relfile
                0x0000000080806d14       0xcc cmd/built-in.o
 .text.get_pxe_file
                0x0000000080806de0       0x3c cmd/built-in.o
 .text.handle_include
                0x0000000080806e1c       0x68 cmd/built-in.o
 .text.parse_pxefile_top
                0x0000000080806e84      0x2f8 cmd/built-in.o
 .text.parse_pxefile
                0x000000008080717c       0x42 cmd/built-in.o
 *fill*         0x00000000808071be        0x2 
 .text.get_pxelinux_path
                0x00000000808071c0       0x50 cmd/built-in.o
 .text.do_pxe_get
                0x0000000080807210       0xec cmd/built-in.o
 .text.get_relfile_envaddr
                0x00000000808072fc       0x34 cmd/built-in.o
 .text.label_boot
                0x0000000080807330      0x3c0 cmd/built-in.o
 .text.handle_pxe_menu
                0x00000000808076f0       0xd8 cmd/built-in.o
 .text.do_pxe_boot
                0x00000000808077c8       0x94 cmd/built-in.o
 .text.do_sysboot
                0x000000008080785c      0x140 cmd/built-in.o
 .text.bytes_per_second
                0x000000008080799c       0x38 cmd/built-in.o
 .text.do_spi_flash
                0x00000000808079d4      0x564 cmd/built-in.o
 .text.do_spi   0x0000000080807f38      0x1b0 cmd/built-in.o
                0x0000000080807f38                do_spi
 .text.do_false
                0x00000000808080e8        0x4 cmd/built-in.o
 .text.do_true  0x00000000808080ec        0x4 cmd/built-in.o
 .text.do_test  0x00000000808080f0      0x200 cmd/built-in.o
 .text.usb_get_class_desc
                0x00000000808082f0       0x7c cmd/built-in.o
 .text.usb_find_device
                0x000000008080836c       0x1e cmd/built-in.o
 *fill*         0x000000008080838a        0x2 
 .text.usb_show_tree_graph
                0x000000008080838c      0x17c cmd/built-in.o
 .text.usb_display_class_sub
                0x0000000080808508       0xf8 cmd/built-in.o
 .text.usb_display_string
                0x0000000080808600       0x2c cmd/built-in.o
 .text.usb_display_config
                0x000000008080862c      0x1ac cmd/built-in.o
 .text.do_usbboot
                0x00000000808087d8        0xc cmd/built-in.o
 .text.usb_display_desc.part.1
                0x00000000808087e4       0xd0 cmd/built-in.o
 .text.do_usb_start
                0x00000000808088b4       0x20 cmd/built-in.o
 .text.usb_show_tree
                0x00000000808088d4       0x30 cmd/built-in.o
                0x00000000808088d4                usb_show_tree
 .text.do_usb   0x0000000080808904      0x4c8 cmd/built-in.o
 .text.common_diskboot
                0x0000000080808dcc      0x1c8 cmd/built-in.o
                0x0000000080808dcc                common_diskboot
 .text.do_fastboot
                0x0000000080808f94       0x94 cmd/built-in.o
 .text.do_imgextract
                0x0000000080809028      0x28c cmd/built-in.o
 .text.do_spl   0x00000000808092b4      0x108 cmd/built-in.o
 .text.do_dfu   0x00000000808093bc       0x84 cmd/built-in.o
 .text.extract_val
                0x0000000080809440       0x58 cmd/built-in.o
 .text.extract_env
                0x0000000080809498       0x80 cmd/built-in.o
 .text.set_gpt_info.isra.0.constprop.2
                0x0000000080809518      0x2a0 cmd/built-in.o
 .text.do_gpt   0x00000000808097b8      0x1d0 cmd/built-in.o
 .text.do_env_delete
                0x0000000080809988       0x68 cmd/built-in.o
 .text.do_env_save
                0x00000000808099f0       0x20 cmd/built-in.o
 .text.do_env   0x0000000080809a10       0x3c cmd/built-in.o
 .text.env_print
                0x0000000080809a4c       0x78 cmd/built-in.o
 .text.do_env_print
                0x0000000080809ac4       0x7c cmd/built-in.o
 .text.do_env_import
                0x0000000080809b40      0x188 cmd/built-in.o
 .text.do_env_default
                0x0000000080809cc8       0x50 cmd/built-in.o
 .text.do_env_exists
                0x0000000080809d18       0x40 cmd/built-in.o
 .text._do_env_set.isra.1
                0x0000000080809d58      0x118 cmd/built-in.o
 .text.do_env_set
                0x0000000080809e70       0x14 cmd/built-in.o
 .text.do_env_ask
                0x0000000080809e84       0xe0 cmd/built-in.o
                0x0000000080809e84                do_env_ask
 .text.get_env_id
                0x0000000080809f64        0xc cmd/built-in.o
                0x0000000080809f64                get_env_id
 .text.setenv   0x0000000080809f70       0x3c cmd/built-in.o
                0x0000000080809f70                setenv
 .text.setenv_ulong
                0x0000000080809fac       0x16 cmd/built-in.o
                0x0000000080809fac                setenv_ulong
 *fill*         0x0000000080809fc2        0x2 
 .text.setenv_hex
                0x0000000080809fc4       0x20 cmd/built-in.o
                0x0000000080809fc4                setenv_hex
 .text.do_env_export
                0x0000000080809fe4      0x170 cmd/built-in.o
 .text.envmatch
                0x000000008080a154       0x44 cmd/built-in.o
                0x000000008080a154                envmatch
 .text.getenv_f
                0x000000008080a198       0x7c cmd/built-in.o
                0x000000008080a198                getenv_f
 .text.getenv   0x000000008080a214       0x54 cmd/built-in.o
                0x000000008080a214                getenv
 .text.getenv_hex
                0x000000008080a268       0x20 cmd/built-in.o
                0x000000008080a268                getenv_hex
 .text.getenv_ulong
                0x000000008080a288       0x1c cmd/built-in.o
                0x000000008080a288                getenv_ulong
 .text.do_env_edit.part.4
                0x000000008080a2a4       0x70 cmd/built-in.o
 .text.do_env_edit
                0x000000008080a314       0x1c cmd/built-in.o
 .text.board_init_f_alloc_reserve
                0x000000008080a330        0xa common/built-in.o
                0x000000008080a330                board_init_f_alloc_reserve
 .text.board_init_f_init_reserve
                0x000000008080a33a       0x14 common/built-in.o
                0x000000008080a33a                board_init_f_init_reserve
 .text.show_boot_progress
                0x000000008080a34e        0x4 common/built-in.o
                0x000000008080a34e                show_boot_progress
 *fill*         0x000000008080a352        0x2 
 .text.main_loop
                0x000000008080a354       0x34 common/built-in.o
                0x000000008080a354                main_loop
 .text.dummy    0x000000008080a388        0x2 common/built-in.o
 .text.get_version
                0x000000008080a38a        0x4 common/built-in.o
                0x000000008080a38a                get_version
 *fill*         0x000000008080a38e        0x2 
 .text.jumptable_init
                0x000000008080a390      0x198 common/built-in.o
                0x000000008080a390                jumptable_init
 .text.hash_finish_crc32
                0x000000008080a528       0x1c common/built-in.o
 .text.hash_update_crc32
                0x000000008080a544       0x14 common/built-in.o
 .text.hash_init_crc32
                0x000000008080a558       0x14 common/built-in.o
 .text.hash_finish_sha256
                0x000000008080a56c       0x22 common/built-in.o
 .text.hash_update_sha256
                0x000000008080a58e       0x10 common/built-in.o
 .text.hash_init_sha256
                0x000000008080a59e       0x16 common/built-in.o
 .text.hash_finish_sha1
                0x000000008080a5b4       0x22 common/built-in.o
 .text.hash_update_sha1
                0x000000008080a5d6       0x10 common/built-in.o
 .text.hash_init_sha1
                0x000000008080a5e6       0x16 common/built-in.o
 .text.hash_lookup_algo
                0x000000008080a5fc       0x38 common/built-in.o
                0x000000008080a5fc                hash_lookup_algo
 .text.hash_command
                0x000000008080a634      0x128 common/built-in.o
                0x000000008080a634                hash_command
 .text.b_reset  0x000000008080a75c        0xe common/built-in.o
 .text.static_get
                0x000000008080a76a       0x12 common/built-in.o
 .text.static_peek
                0x000000008080a77c        0x6 common/built-in.o
 *fill*         0x000000008080a782        0x2 
 .text.mapset   0x000000008080a784       0x14 common/built-in.o
 .text.syntax_err
                0x000000008080a798        0xc common/built-in.o
 .text.free_pipe_list
                0x000000008080a7a4       0x90 common/built-in.o
 .text.xmalloc  0x000000008080a834       0x18 common/built-in.o
 .text.new_pipe
                0x000000008080a84c       0x16 common/built-in.o
 *fill*         0x000000008080a862        0x2 
 .text.xrealloc
                0x000000008080a864       0x18 common/built-in.o
 .text.done_command
                0x000000008080a87c       0x42 common/built-in.o
 .text.done_pipe
                0x000000008080a8be       0x2a common/built-in.o
 .text.done_word
                0x000000008080a8e8      0x1cc common/built-in.o
 .text.is_assignment
                0x000000008080aab4       0x2c common/built-in.o
 .text.file_get
                0x000000008080aae0      0x13c common/built-in.o
 .text.do_showvar
                0x000000008080ac1c       0x9c common/built-in.o
 .text.b_addchr
                0x000000008080acb8       0x42 common/built-in.o
 *fill*         0x000000008080acfa        0x2 
 .text.b_addqchr
                0x000000008080acfc       0x30 common/built-in.o
 .text.file_peek
                0x000000008080ad2c        0x6 common/built-in.o
 *fill*         0x000000008080ad32        0x2 
 .text.get_local_var
                0x000000008080ad34       0x58 common/built-in.o
                0x000000008080ad34                get_local_var
 .text.set_local_var
                0x000000008080ad8c      0x10c common/built-in.o
                0x000000008080ad8c                set_local_var
 .text.insert_var_value_sub
                0x000000008080ae98      0x1c4 common/built-in.o
 .text.parse_string_outer
                0x000000008080b05c       0x90 common/built-in.o
                0x000000008080b05c                parse_string_outer
 .text.run_list_real
                0x000000008080b0ec      0x4e4 common/built-in.o
 .text.parse_stream_outer
                0x000000008080b5d0      0x424 common/built-in.o
 .text.parse_file_outer
                0x000000008080b9f4       0x2c common/built-in.o
                0x000000008080b9f4                parse_file_outer
 .text.u_boot_hush_start
                0x000000008080ba20       0x30 common/built-in.o
                0x000000008080ba20                u_boot_hush_start
 .text.bootdelay_process
                0x000000008080ba50       0x78 common/built-in.o
                0x000000008080ba50                bootdelay_process
 .text.autoboot_command
                0x000000008080bac8      0x14c common/built-in.o
                0x000000008080bac8                autoboot_command
 .text.display_text_info
                0x000000008080bc14        0x4 common/built-in.o
 .text.setup_mon_len
                0x000000008080bc18       0x18 common/built-in.o
 .text.reserve_round_4k
                0x000000008080bc30       0x14 common/built-in.o
 .text.reserve_mmu
                0x000000008080bc44       0x2e common/built-in.o
 .text.reserve_uboot
                0x000000008080bc72       0x2a common/built-in.o
 .text.reserve_malloc
                0x000000008080bc9c       0x14 common/built-in.o
 .text.setup_machine
                0x000000008080bcb0        0xe common/built-in.o
 .text.reserve_global_data
                0x000000008080bcbe       0x16 common/built-in.o
 .text.reserve_fdt
                0x000000008080bcd4       0x3a common/built-in.o
 .text.init_func_watchdog_reset
                0x000000008080bd0e        0xa common/built-in.o
                0x000000008080bd0e                init_func_watchdog_reset
 .text.announce_dram_init
                0x000000008080bd18       0x10 common/built-in.o
 .text.init_func_i2c
                0x000000008080bd28       0x20 common/built-in.o
 .text.init_baud_rate
                0x000000008080bd48       0x1c common/built-in.o
 .text.mark_bootstage
                0x000000008080bd64        0xc common/built-in.o
 .text.initf_dm
                0x000000008080bd70        0x6 common/built-in.o
 .text.setup_reloc
                0x000000008080bd76       0x26 common/built-in.o
 .text.reloc_fdt
                0x000000008080bd9c       0x2c common/built-in.o
 .text.reserve_board
                0x000000008080bdc8       0x28 common/built-in.o
 .text.reserve_arch
                0x000000008080bdf0        0x4 common/built-in.o
                0x000000008080bdf0                reserve_arch
 .text.arch_cpu_init
                0x000000008080bdf4        0x4 common/built-in.o
                0x000000008080bdf4                arch_cpu_init
 .text.mach_cpu_init
                0x000000008080bdf8        0x4 common/built-in.o
                0x000000008080bdf8                mach_cpu_init
 .text.reserve_trace
                0x000000008080bdfc        0x4 common/built-in.o
 .text.display_new_sp
                0x000000008080be00        0x4 common/built-in.o
 .text.initf_console_record
                0x000000008080be04        0x4 common/built-in.o
 .text.init_func_watchdog_init
                0x000000008080be08        0xa common/built-in.o
 .text.coloured_LED_init
                0x000000008080be12        0x2 common/built-in.o
                0x000000008080be12                coloured_LED_init
 .text.red_led_on
                0x000000008080be14        0x2 common/built-in.o
                0x000000008080be14                red_led_on
 .text.board_add_ram_info
                0x000000008080be16        0x2 common/built-in.o
                0x000000008080be16                board_add_ram_info
 .text.show_dram_config
                0x000000008080be18       0x28 common/built-in.o
 .text.setup_dram_config
                0x000000008080be40        0xa common/built-in.o
 .text.board_get_usable_ram_top
                0x000000008080be4a       0x10 common/built-in.o
                0x000000008080be4a                board_get_usable_ram_top
 .text.board_reserve_ram_top
                0x000000008080be5a        0x2 common/built-in.o
                0x000000008080be5a                board_reserve_ram_top
 .text.setup_dest_addr
                0x000000008080be5c       0x3c common/built-in.o
 .text.reserve_stacks
                0x000000008080be98       0x1a common/built-in.o
 *fill*         0x000000008080beb2        0x2 
 .text.board_init_f
                0x000000008080beb4       0x20 common/built-in.o
                0x000000008080beb4                board_init_f
 .text.bootstage_relocate
                0x000000008080bed4        0x4 common/built-in.o
 .text.initr_trace
                0x000000008080bed8        0x4 common/built-in.o
 .text.initr_reloc
                0x000000008080bedc       0x14 common/built-in.o
 .text.run_main_loop
                0x000000008080bef0        0x8 common/built-in.o
 .text.initr_net
                0x000000008080bef8       0x14 common/built-in.o
 .text.initr_ethaddr
                0x000000008080bf0c       0x18 common/built-in.o
 .text.initr_enable_interrupts
                0x000000008080bf24        0xa common/built-in.o
 .text.initr_jumptable
                0x000000008080bf2e        0xa common/built-in.o
 .text.initr_env
                0x000000008080bf38       0x20 common/built-in.o
 .text.initr_mmc
                0x000000008080bf58       0x18 common/built-in.o
 .text.initr_serial
                0x000000008080bf70        0xa common/built-in.o
 .text.initr_bootstage
                0x000000008080bf7a        0xc common/built-in.o
 .text.initr_dm
                0x000000008080bf86       0x12 common/built-in.o
 .text.initr_malloc
                0x000000008080bf98       0x1c common/built-in.o
 .text.initr_reloc_global_data
                0x000000008080bfb4       0x28 common/built-in.o
 .text.initr_caches
                0x000000008080bfdc        0xa common/built-in.o
 .text.initr_announce
                0x000000008080bfe6        0x4 common/built-in.o
 .text.initr_barrier
                0x000000008080bfea        0x4 common/built-in.o
 .text.initr_console_record
                0x000000008080bfee        0x4 common/built-in.o
 .text.power_init_board
                0x000000008080bff2        0x4 common/built-in.o
                0x000000008080bff2                power_init_board
 .text.cpu_secondary_init_r
                0x000000008080bff6        0x2 common/built-in.o
                0x000000008080bff6                cpu_secondary_init_r
 .text.initr_secondary_cpu
                0x000000008080bff8        0xa common/built-in.o
 *fill*         0x000000008080c002        0x2 
 .text.board_init_r
                0x000000008080c004       0x10 common/built-in.o
                0x000000008080c004                board_init_r
 .text.checkboard
                0x000000008080c014        0x4 common/built-in.o
                0x000000008080c014                checkboard
 .text.show_board_info
                0x000000008080c018        0x4 common/built-in.o
                0x000000008080c018                show_board_info
 .text.bootm_find_images
                0x000000008080c01c       0x88 common/built-in.o
                0x000000008080c01c                bootm_find_images
 .text.bootm_decomp_image
                0x000000008080c0a4       0xfc common/built-in.o
                0x000000008080c0a4                bootm_decomp_image
 .text.bootm_disable_interrupts
                0x000000008080c1a0       0x10 common/built-in.o
                0x000000008080c1a0                bootm_disable_interrupts
 .text.do_bootm_states
                0x000000008080c1b0      0x698 common/built-in.o
                0x000000008080c1b0                do_bootm_states
 .text.copy_args
                0x000000008080c848       0x36 common/built-in.o
 *fill*         0x000000008080c87e        0x2 
 .text.do_bootm_rtems
                0x000000008080c880       0x30 common/built-in.o
 .text.do_bootm_plan9
                0x000000008080c8b0       0x70 common/built-in.o
 .text.do_bootm_standalone
                0x000000008080c920       0x40 common/built-in.o
 .text.do_bootm_qnxelf
                0x000000008080c960       0x40 common/built-in.o
 .text.do_bootm_netbsd
                0x000000008080c9a0       0xac common/built-in.o
 .text.do_bootvx_fdt
                0x000000008080ca4c       0xc8 common/built-in.o
                0x000000008080ca4c                do_bootvx_fdt
 .text.do_bootm_vxworks
                0x000000008080cb14       0x1a common/built-in.o
 .text.arch_preboot_os
                0x000000008080cb2e        0x2 common/built-in.o
                0x000000008080cb2e                arch_preboot_os
 .text.boot_selected_os
                0x000000008080cb30       0x3a common/built-in.o
                0x000000008080cb30                boot_selected_os
 *fill*         0x000000008080cb6a        0x2 
 .text.bootm_os_get_boot_func
                0x000000008080cb6c        0xc common/built-in.o
                0x000000008080cb6c                bootm_os_get_boot_func
 .text.regex_callback
                0x000000008080cb78       0xd0 common/built-in.o
 .text.env_attr_walk
                0x000000008080cc48       0xb2 common/built-in.o
                0x000000008080cc48                env_attr_walk
 *fill*         0x000000008080ccfa        0x2 
 .text.env_attr_lookup
                0x000000008080ccfc       0x4c common/built-in.o
                0x000000008080ccfc                env_attr_lookup
 .text.clear_callback
                0x000000008080cd48        0x8 common/built-in.o
 .text.find_env_callback
                0x000000008080cd50       0x38 common/built-in.o
 .text.on_callbacks
                0x000000008080cd88       0x38 common/built-in.o
 .text.set_callback
                0x000000008080cdc0       0x54 common/built-in.o
 .text.env_callback_init
                0x000000008080ce14       0x78 common/built-in.o
                0x000000008080ce14                env_callback_init
 .text.skip_num
                0x000000008080ce8c       0x3c common/built-in.o
 .text.clear_flags
                0x000000008080cec8        0x8 common/built-in.o
 .text.on_flags
                0x000000008080ced0       0x38 common/built-in.o
 .text.env_flags_parse_vartype
                0x000000008080cf08       0x30 common/built-in.o
                0x000000008080cf08                env_flags_parse_vartype
 .text.env_flags_parse_varaccess
                0x000000008080cf38       0x30 common/built-in.o
                0x000000008080cf38                env_flags_parse_varaccess
 .text.set_flags
                0x000000008080cf68       0x68 common/built-in.o
 .text.eth_validate_ethaddr_str
                0x000000008080cfd0       0x50 common/built-in.o
                0x000000008080cfd0                eth_validate_ethaddr_str
 .text.env_flags_init
                0x000000008080d020       0x90 common/built-in.o
                0x000000008080d020                env_flags_init
 .text.env_flags_validate
                0x000000008080d0b0      0x188 common/built-in.o
                0x000000008080d0b0                env_flags_validate
 .text.mmc_get_env_addr
                0x000000008080d238       0x12 common/built-in.o
                0x000000008080d238                mmc_get_env_addr
 .text.mmc_get_env_dev
                0x000000008080d24a        0x4 common/built-in.o
                0x000000008080d24a                mmc_get_env_dev
 *fill*         0x000000008080d24e        0x2 
 .text.fini_mmc_for_env.isra.0
                0x000000008080d250       0x1c common/built-in.o
 .text.env_init
                0x000000008080d26c       0x14 common/built-in.o
                0x000000008080d26c                env_init
 .text.mmc_get_env_part
                0x000000008080d280        0x4 common/built-in.o
                0x000000008080d280                mmc_get_env_part
 .text.init_mmc_for_env
                0x000000008080d284       0x58 common/built-in.o
 .text.saveenv  0x000000008080d2dc      0x108 common/built-in.o
                0x000000008080d2dc                saveenv
 .text.env_relocate_spec
                0x000000008080d3e4      0x1c4 common/built-in.o
                0x000000008080d3e4                env_relocate_spec
 .text.fdt_find_and_setprop
                0x000000008080d5a8       0x46 common/built-in.o
                0x000000008080d5a8                fdt_find_and_setprop
 *fill*         0x000000008080d5ee        0x2 
 .text.fdt_find_or_add_subnode
                0x000000008080d5f0       0x40 common/built-in.o
                0x000000008080d5f0                fdt_find_or_add_subnode
 .text.fdt_root
                0x000000008080d630       0x60 common/built-in.o
                0x000000008080d630                fdt_root
 .text.fdt_initrd
                0x000000008080d690      0x120 common/built-in.o
                0x000000008080d690                fdt_initrd
 .text.fdt_chosen
                0x000000008080d7b0       0x6c common/built-in.o
                0x000000008080d7b0                fdt_chosen
 .text.do_fixup_by_path
                0x000000008080d81c       0x34 common/built-in.o
                0x000000008080d81c                do_fixup_by_path
 .text.fdt_fixup_memory_banks
                0x000000008080d850      0x150 common/built-in.o
                0x000000008080d850                fdt_fixup_memory_banks
 .text.fdt_fixup_memory
                0x000000008080d9a0       0x16 common/built-in.o
                0x000000008080d9a0                fdt_fixup_memory
 *fill*         0x000000008080d9b6        0x2 
 .text.fdt_fixup_ethernet
                0x000000008080d9b8      0x108 common/built-in.o
                0x000000008080d9b8                fdt_fixup_ethernet
 .text.fdt_shrink_to_minimum
                0x000000008080dac0       0x8e common/built-in.o
                0x000000008080dac0                fdt_shrink_to_minimum
 *fill*         0x000000008080db4e        0x2 
 .text.miiphy_get_dev_by_name
                0x000000008080db50       0x34 common/built-in.o
                0x000000008080db50                miiphy_get_dev_by_name
 .text.miiphy_init
                0x000000008080db84       0x18 common/built-in.o
                0x000000008080db84                miiphy_init
 .text.mdio_alloc
                0x000000008080db9c       0x1c common/built-in.o
                0x000000008080db9c                mdio_alloc
 .text.mdio_register
                0x000000008080dbb8       0x4c common/built-in.o
                0x000000008080dbb8                mdio_register
 .text.mdio_list_devices
                0x000000008080dc04       0x74 common/built-in.o
                0x000000008080dc04                mdio_list_devices
 .text.miiphy_set_current_dev
                0x000000008080dc78       0x28 common/built-in.o
                0x000000008080dc78                miiphy_set_current_dev
 .text.miiphy_get_active_dev
                0x000000008080dca0       0x30 common/built-in.o
 .text.mdio_get_current_dev
                0x000000008080dcd0        0xc common/built-in.o
                0x000000008080dcd0                mdio_get_current_dev
 .text.mdio_phydev_for_ethname
                0x000000008080dcdc       0x50 common/built-in.o
                0x000000008080dcdc                mdio_phydev_for_ethname
 .text.miiphy_get_current_dev
                0x000000008080dd2c       0x10 common/built-in.o
                0x000000008080dd2c                miiphy_get_current_dev
 .text.miiphy_read
                0x000000008080dd3c       0x28 common/built-in.o
                0x000000008080dd3c                miiphy_read
 .text.miiphy_write
                0x000000008080dd64       0x24 common/built-in.o
                0x000000008080dd64                miiphy_write
 .text.miiphy_listdev
                0x000000008080dd88       0x54 common/built-in.o
                0x000000008080dd88                miiphy_listdev
 .text.miiphy_info
                0x000000008080dddc       0x5c common/built-in.o
                0x000000008080dddc                miiphy_info
 .text.miiphy_is_1000base_x
                0x000000008080de38       0x30 common/built-in.o
                0x000000008080de38                miiphy_is_1000base_x
 .text.miiphy_speed
                0x000000008080de68       0xb8 common/built-in.o
                0x000000008080de68                miiphy_speed
 .text.miiphy_duplex
                0x000000008080df20       0xd0 common/built-in.o
                0x000000008080df20                miiphy_duplex
 .text.usb_set_maxpacket_ep
                0x000000008080dff0       0x56 common/built-in.o
 *fill*         0x000000008080e046        0x2 
 .text.usb_stop
                0x000000008080e048       0x38 common/built-in.o
                0x000000008080e048                usb_stop
 .text.usb_disable_asynch
                0x000000008080e080       0x14 common/built-in.o
                0x000000008080e080                usb_disable_asynch
 .text.usb_control_msg
                0x000000008080e094       0x84 common/built-in.o
                0x000000008080e094                usb_control_msg
 .text.usb_get_descriptor
                0x000000008080e118       0x36 common/built-in.o
 *fill*         0x000000008080e14e        0x2 
 .text.get_descriptor_len
                0x000000008080e150       0x60 common/built-in.o
 .text.usb_get_string
                0x000000008080e1b0       0x50 common/built-in.o
 .text.usb_string_sub
                0x000000008080e200       0x90 common/built-in.o
 .text.usb_bulk_msg
                0x000000008080e290       0x46 common/built-in.o
                0x000000008080e290                usb_bulk_msg
 .text.usb_maxpacket
                0x000000008080e2d6       0x14 common/built-in.o
                0x000000008080e2d6                usb_maxpacket
 .text.usb_clear_halt
                0x000000008080e2ea       0x5c common/built-in.o
                0x000000008080e2ea                usb_clear_halt
 *fill*         0x000000008080e346        0x2 
 .text.usb_get_configuration_len
                0x000000008080e348       0x50 common/built-in.o
                0x000000008080e348                usb_get_configuration_len
 .text.usb_get_configuration_no
                0x000000008080e398       0x1c common/built-in.o
                0x000000008080e398                usb_get_configuration_no
 .text.usb_set_interface
                0x000000008080e3b4       0x7c common/built-in.o
                0x000000008080e3b4                usb_set_interface
 .text.usb_string
                0x000000008080e430       0x9c common/built-in.o
                0x000000008080e430                usb_string
 .text.usb_get_dev_index
                0x000000008080e4cc       0x18 common/built-in.o
                0x000000008080e4cc                usb_get_dev_index
 .text.usb_alloc_new_device
                0x000000008080e4e4       0x68 common/built-in.o
                0x000000008080e4e4                usb_alloc_new_device
 .text.usb_free_device
                0x000000008080e54c       0x30 common/built-in.o
                0x000000008080e54c                usb_free_device
 .text.usb_alloc_device
                0x000000008080e57c        0x4 common/built-in.o
                0x000000008080e57c                usb_alloc_device
 .text.usb_select_config
                0x000000008080e580      0x30c common/built-in.o
                0x000000008080e580                usb_select_config
 .text.usb_setup_device
                0x000000008080e88c       0xf4 common/built-in.o
                0x000000008080e88c                usb_setup_device
 .text.usb_new_device
                0x000000008080e980       0x1e common/built-in.o
                0x000000008080e980                usb_new_device
 *fill*         0x000000008080e99e        0x2 
 .text.usb_init
                0x000000008080e9a0       0xdc common/built-in.o
                0x000000008080e9a0                usb_init
 .text.board_usb_init
                0x000000008080ea7c        0x4 common/built-in.o
                0x000000008080ea7c                board_usb_init
 .text.board_usb_cleanup
                0x000000008080ea80        0x4 common/built-in.o
                0x000000008080ea80                board_usb_cleanup
 .text.usb_device_has_child_on_port
                0x000000008080ea84       0x10 common/built-in.o
                0x000000008080ea84                usb_device_has_child_on_port
 .text.usb_find_usb2_hub_address_port
                0x000000008080ea94       0x38 common/built-in.o
                0x000000008080ea94                usb_find_usb2_hub_address_port
 .text.usb_set_port_feature
                0x000000008080eacc       0x2e common/built-in.o
 .text.usb_clear_port_feature
                0x000000008080eafa       0x2e common/built-in.o
 .text.usb_get_hub_descriptor
                0x000000008080eb28       0x34 common/built-in.o
 .text.usb_hub_reset_devices
                0x000000008080eb5c        0x2 common/built-in.o
                0x000000008080eb5c                usb_hub_reset_devices
 .text.usb_get_port_status
                0x000000008080eb5e       0x30 common/built-in.o
                0x000000008080eb5e                usb_get_port_status
 *fill*         0x000000008080eb8e        0x2 
 .text.usb_hub_reset
                0x000000008080eb90       0x18 common/built-in.o
                0x000000008080eb90                usb_hub_reset
 .text.legacy_hub_port_reset
                0x000000008080eba8       0x6a common/built-in.o
                0x000000008080eba8                legacy_hub_port_reset
 *fill*         0x000000008080ec12        0x2 
 .text.usb_hub_port_connect_change
                0x000000008080ec14       0xfc common/built-in.o
                0x000000008080ec14                usb_hub_port_connect_change
 .text.usb_hub_configure
                0x000000008080ed10      0x338 common/built-in.o
 .text.usb_hub_probe
                0x000000008080f048       0x3a common/built-in.o
                0x000000008080f048                usb_hub_probe
 .text.usb_stor_irq
                0x000000008080f082       0x10 common/built-in.o
 .text.usb_stor_BBB_reset
                0x000000008080f092       0x8e common/built-in.o
 .text.usb_stor_CB_reset
                0x000000008080f120       0x84 common/built-in.o
 .text.usb_stor_BBB_clear_endpt_stall.isra.2
                0x000000008080f1a4       0x2c common/built-in.o
 .text.usb_stor_BBB_transport
                0x000000008080f1d0      0x1ac common/built-in.o
 .text.usb_stor_CB_comdat
                0x000000008080f37c      0x150 common/built-in.o
 .text.usb_stor_CBI_get_status.isra.4
                0x000000008080f4cc       0x80 common/built-in.o
 .text.usb_stor_CB_transport
                0x000000008080f54c      0x144 common/built-in.o
 .text.usb_request_sense.constprop.11
                0x000000008080f690       0x4c common/built-in.o
 .text.usb_stor_read
                0x000000008080f6dc       0xe8 common/built-in.o
 .text.usb_stor_write
                0x000000008080f7c4       0xe8 common/built-in.o
 .text.usb_stor_info
                0x000000008080f8ac       0x48 common/built-in.o
                0x000000008080f8ac                usb_stor_info
 .text.usb_storage_probe
                0x000000008080f8f4      0x158 common/built-in.o
                0x000000008080f8f4                usb_storage_probe
 .text.usb_stor_get_info
                0x000000008080fa4c      0x21c common/built-in.o
                0x000000008080fa4c                usb_stor_get_info
 .text.usb_stor_scan
                0x000000008080fc68      0x148 common/built-in.o
                0x000000008080fc68                usb_stor_scan
 .text.menu_display_statusline
                0x000000008080fdb0        0x2 common/built-in.o
                0x000000008080fdb0                menu_display_statusline
 .text.menu_default_set
                0x000000008080fdb2       0x4a common/built-in.o
                0x000000008080fdb2                menu_default_set
 .text.menu_get_choice
                0x000000008080fdfc      0x134 common/built-in.o
                0x000000008080fdfc                menu_get_choice
 .text.menu_item_add
                0x000000008080ff30       0x7c common/built-in.o
                0x000000008080ff30                menu_item_add
 .text.menu_create
                0x000000008080ffac       0x52 common/built-in.o
                0x000000008080ffac                menu_create
 .text.menu_destroy
                0x000000008080fffe       0x44 common/built-in.o
                0x000000008080fffe                menu_destroy
 *fill*         0x0000000080810042        0x2 
 .text.update_tftp
                0x0000000080810044      0x240 common/built-in.o
                0x0000000080810044                update_tftp
 .text.env_get_char_spec
                0x0000000080810284        0x8 common/built-in.o
                0x0000000080810284                env_get_char_spec
 .text.env_get_addr
                0x000000008081028c       0x18 common/built-in.o
                0x000000008081028c                env_get_addr
 .text.env_get_char_memory
                0x00000000808102a4        0xa common/built-in.o
                0x00000000808102a4                env_get_char_memory
 *fill*         0x00000000808102ae        0x2 
 .text.env_get_char
                0x00000000808102b0       0x20 common/built-in.o
                0x00000000808102b0                env_get_char
 .text.getenv_yesno
                0x00000000808102d0       0x2a common/built-in.o
                0x00000000808102d0                getenv_yesno
 .text.getenv_default
                0x00000000808102fa       0x2a common/built-in.o
                0x00000000808102fa                getenv_default
 .text.set_default_env
                0x0000000080810324       0x8c common/built-in.o
                0x0000000080810324                set_default_env
 .text.set_default_vars
                0x00000000808103b0       0x28 common/built-in.o
                0x00000000808103b0                set_default_vars
 .text.env_import
                0x00000000808103d8       0x94 common/built-in.o
                0x00000000808103d8                env_import
 .text.env_export
                0x000000008081046c       0x64 common/built-in.o
                0x000000008081046c                env_export
 .text.env_relocate
                0x00000000808104d0       0x28 common/built-in.o
                0x00000000808104d0                env_relocate
 .text.env_complete
                0x00000000808104f8       0x8c common/built-in.o
                0x00000000808104f8                env_complete
 .text.console_setfile
                0x0000000080810584       0x74 common/built-in.o
 .text.putc     0x00000000808105f8       0x24 common/built-in.o
                0x00000000808105f8                putc
 .text.puts     0x000000008081061c       0x24 common/built-in.o
                0x000000008081061c                puts
 .text.fgetc    0x0000000080810640       0x18 common/built-in.o
                0x0000000080810640                fgetc
 .text.getc     0x0000000080810658       0x1a common/built-in.o
                0x0000000080810658                getc
 *fill*         0x0000000080810672        0x2 
 .text.ftstc    0x0000000080810674       0x18 common/built-in.o
                0x0000000080810674                ftstc
 .text.tstc     0x000000008081068c       0x1a common/built-in.o
                0x000000008081068c                tstc
 *fill*         0x00000000808106a6        0x2 
 .text.ctrlc    0x00000000808106a8       0x34 common/built-in.o
                0x00000000808106a8                ctrlc
 .text.disable_ctrlc
                0x00000000808106dc       0x10 common/built-in.o
                0x00000000808106dc                disable_ctrlc
 .text.had_ctrlc
                0x00000000808106ec        0xc common/built-in.o
                0x00000000808106ec                had_ctrlc
 .text.clear_ctrlc
                0x00000000808106f8        0xc common/built-in.o
                0x00000000808106f8                clear_ctrlc
 .text.search_device
                0x0000000080810704       0x16 common/built-in.o
                0x0000000080810704                search_device
 .text.console_assign
                0x000000008081071a       0x2a common/built-in.o
                0x000000008081071a                console_assign
 .text.on_console
                0x0000000080810744       0x6c common/built-in.o
 .text.console_init_f
                0x00000000808107b0        0xa common/built-in.o
                0x00000000808107b0                console_init_f
 *fill*         0x00000000808107ba        0x2 
 .text.console_init_r
                0x00000000808107bc       0x8c common/built-in.o
                0x00000000808107bc                console_init_r
 .text.sbrk     0x0000000080810848       0x40 common/built-in.o
                0x0000000080810848                sbrk
 .text.mem_malloc_init
                0x0000000080810888       0x28 common/built-in.o
                0x0000000080810888                mem_malloc_init
 .text.malloc_trim
                0x00000000808108b0       0x84 common/built-in.o
                0x00000000808108b0                malloc_trim
 .text.free     0x0000000080810934      0x164 common/built-in.o
                0x0000000080810934                free
 .text.malloc   0x0000000080810a98      0x420 common/built-in.o
                0x0000000080810a98                malloc
 .text.calloc   0x0000000080810eb8       0xb8 common/built-in.o
                0x0000000080810eb8                calloc
 .text.realloc  0x0000000080810f70      0x2d0 common/built-in.o
                0x0000000080810f70                realloc
 .text.memalign
                0x0000000080811240      0x106 common/built-in.o
                0x0000000080811240                memalign
 .text.initf_malloc
                0x0000000080811346       0x14 common/built-in.o
                0x0000000080811346                initf_malloc
 .text.malloc_simple
                0x000000008081135a       0x28 common/built-in.o
                0x000000008081135a                malloc_simple
 *fill*         0x0000000080811382        0x2 
 .text.on_loadaddr
                0x0000000080811384       0x20 common/built-in.o
 .text.image_check_hcrc
                0x00000000808113a4       0x2a common/built-in.o
                0x00000000808113a4                image_check_hcrc
 .text.image_check_dcrc
                0x00000000808113ce       0x22 common/built-in.o
                0x00000000808113ce                image_check_dcrc
 .text.image_multi_count
                0x00000000808113f0       0x12 common/built-in.o
                0x00000000808113f0                image_multi_count
 .text.image_multi_getimg
                0x0000000080811402       0x4a common/built-in.o
                0x0000000080811402                image_multi_getimg
 .text.getenv_bootm_low
                0x000000008081144c       0x20 common/built-in.o
                0x000000008081144c                getenv_bootm_low
 .text.getenv_bootm_size
                0x000000008081146c       0x44 common/built-in.o
                0x000000008081146c                getenv_bootm_size
 .text.getenv_bootm_mapsize
                0x00000000808114b0       0x20 common/built-in.o
                0x00000000808114b0                getenv_bootm_mapsize
 .text.memmove_wd
                0x00000000808114d0       0x4c common/built-in.o
                0x00000000808114d0                memmove_wd
 .text.genimg_print_size
                0x000000008081151c       0x24 common/built-in.o
                0x000000008081151c                genimg_print_size
 .text.genimg_print_time
                0x0000000080811540       0x2c common/built-in.o
                0x0000000080811540                genimg_print_time
 .text.get_table_entry
                0x000000008081156c       0x12 common/built-in.o
                0x000000008081156c                get_table_entry
 .text.get_table_entry_name
                0x000000008081157e       0x12 common/built-in.o
                0x000000008081157e                get_table_entry_name
 .text.genimg_get_os_name
                0x0000000080811590       0x14 common/built-in.o
                0x0000000080811590                genimg_get_os_name
 .text.genimg_get_arch_name
                0x00000000808115a4       0x14 common/built-in.o
                0x00000000808115a4                genimg_get_arch_name
 .text.genimg_get_type_name
                0x00000000808115b8       0x14 common/built-in.o
                0x00000000808115b8                genimg_get_type_name
 .text.genimg_get_comp_name
                0x00000000808115cc       0x14 common/built-in.o
                0x00000000808115cc                genimg_get_comp_name
 .text.image_print_contents
                0x00000000808115e0      0x128 common/built-in.o
                0x00000000808115e0                image_print_contents
 .text.get_table_entry_id
                0x0000000080811708       0x26 common/built-in.o
                0x0000000080811708                get_table_entry_id
 *fill*         0x000000008081172e        0x2 
 .text.genimg_get_os_id
                0x0000000080811730       0x14 common/built-in.o
                0x0000000080811730                genimg_get_os_id
 .text.genimg_get_arch_id
                0x0000000080811744       0x14 common/built-in.o
                0x0000000080811744                genimg_get_arch_id
 .text.genimg_get_type_id
                0x0000000080811758       0x14 common/built-in.o
                0x0000000080811758                genimg_get_type_id
 .text.genimg_get_comp_id
                0x000000008081176c       0x14 common/built-in.o
                0x000000008081176c                genimg_get_comp_id
 .text.genimg_get_kernel_addr_fit
                0x0000000080811780       0x3c common/built-in.o
                0x0000000080811780                genimg_get_kernel_addr_fit
 .text.genimg_get_kernel_addr
                0x00000000808117bc       0x16 common/built-in.o
                0x00000000808117bc                genimg_get_kernel_addr
 *fill*         0x00000000808117d2        0x2 
 .text.genimg_get_format
                0x00000000808117d4       0x30 common/built-in.o
                0x00000000808117d4                genimg_get_format
 .text.genimg_get_image
                0x0000000080811804        0x2 common/built-in.o
                0x0000000080811804                genimg_get_image
 .text.genimg_has_config
                0x0000000080811806        0xa common/built-in.o
                0x0000000080811806                genimg_has_config
 .text.boot_get_ramdisk
                0x0000000080811810      0x26c common/built-in.o
                0x0000000080811810                boot_get_ramdisk
 .text.boot_ramdisk_high
                0x0000000080811a7c       0xc4 common/built-in.o
                0x0000000080811a7c                boot_ramdisk_high
 .text.boot_get_setup
                0x0000000080811b40        0x4 common/built-in.o
                0x0000000080811b40                boot_get_setup
 .text.boot_get_loadable
                0x0000000080811b44       0xe4 common/built-in.o
                0x0000000080811b44                boot_get_loadable
 .text.image_setup_linux
                0x0000000080811c28       0x58 common/built-in.o
                0x0000000080811c28                image_setup_linux
 .text.android_image_get_kernel
                0x0000000080811c80       0xf8 common/built-in.o
                0x0000000080811c80                android_image_get_kernel
 .text.android_image_check_header
                0x0000000080811d78       0x10 common/built-in.o
                0x0000000080811d78                android_image_check_header
 .text.android_image_get_end
                0x0000000080811d88       0x2a common/built-in.o
                0x0000000080811d88                android_image_get_end
 *fill*         0x0000000080811db2        0x2 
 .text.android_image_get_kload
                0x0000000080811db4       0x14 common/built-in.o
                0x0000000080811db4                android_image_get_kload
 .text.android_image_get_ramdisk
                0x0000000080811dc8       0x44 common/built-in.o
                0x0000000080811dc8                android_image_get_ramdisk
 .text.android_print_contents
                0x0000000080811e0c       0xa0 common/built-in.o
                0x0000000080811e0c                android_print_contents
 .text.fdt_error
                0x0000000080811eac       0x24 common/built-in.o
 .text.boot_fdt_add_mem_rsv_regions
                0x0000000080811ed0       0x5c common/built-in.o
                0x0000000080811ed0                boot_fdt_add_mem_rsv_regions
 .text.boot_relocate_fdt
                0x0000000080811f2c      0x108 common/built-in.o
                0x0000000080811f2c                boot_relocate_fdt
 .text.boot_get_fdt
                0x0000000080812034      0x268 common/built-in.o
                0x0000000080812034                boot_get_fdt
 .text.ft_verify_fdt
                0x000000008081229c        0x4 common/built-in.o
                0x000000008081229c                ft_verify_fdt
 .text.image_setup_libfdt
                0x00000000808122a0       0xb0 common/built-in.o
                0x00000000808122a0                image_setup_libfdt
 .text.fit_image_get_address
                0x0000000080812350       0x3c common/built-in.o
 .text.fit_parse_conf
                0x000000008081238c       0x3a common/built-in.o
                0x000000008081238c                fit_parse_conf
 .text.fit_parse_subimage
                0x00000000808123c6       0x3a common/built-in.o
                0x00000000808123c6                fit_parse_subimage
 .text.fit_get_desc
                0x0000000080812400       0x20 common/built-in.o
                0x0000000080812400                fit_get_desc
 .text.fit_get_timestamp
                0x0000000080812420       0x30 common/built-in.o
                0x0000000080812420                fit_get_timestamp
 .text.fit_image_get_node
                0x0000000080812450       0x24 common/built-in.o
                0x0000000080812450                fit_image_get_node
 .text.fit_image_get_os
                0x0000000080812474       0x28 common/built-in.o
                0x0000000080812474                fit_image_get_os
 .text.fit_image_get_arch
                0x000000008081249c       0x28 common/built-in.o
                0x000000008081249c                fit_image_get_arch
 .text.fit_image_get_type
                0x00000000808124c4       0x28 common/built-in.o
                0x00000000808124c4                fit_image_get_type
 .text.fit_image_get_comp
                0x00000000808124ec       0x28 common/built-in.o
                0x00000000808124ec                fit_image_get_comp
 .text.fit_image_get_load
                0x0000000080812514        0xc common/built-in.o
                0x0000000080812514                fit_image_get_load
 .text.fit_image_get_entry
                0x0000000080812520        0xc common/built-in.o
                0x0000000080812520                fit_image_get_entry
 .text.fit_image_get_data
                0x000000008081252c       0x28 common/built-in.o
                0x000000008081252c                fit_image_get_data
 .text.fit_image_hash_get_algo
                0x0000000080812554       0x20 common/built-in.o
                0x0000000080812554                fit_image_hash_get_algo
 .text.fit_image_hash_get_value
                0x0000000080812574       0x28 common/built-in.o
                0x0000000080812574                fit_image_hash_get_value
 .text.fit_image_print_data
                0x000000008081259c      0x104 common/built-in.o
 .text.fit_image_print
                0x00000000808126a0      0x25c common/built-in.o
                0x00000000808126a0                fit_image_print
 .text.fit_get_end
                0x00000000808128fc        0x8 common/built-in.o
                0x00000000808128fc                fit_get_end
 .text.calculate_hash
                0x0000000080812904       0xa8 common/built-in.o
                0x0000000080812904                calculate_hash
 .text.fit_image_verify
                0x00000000808129ac      0x150 common/built-in.o
                0x00000000808129ac                fit_image_verify
 .text.fit_all_image_verify
                0x0000000080812afc       0xa0 common/built-in.o
                0x0000000080812afc                fit_all_image_verify
 .text.fit_image_check_os
                0x0000000080812b9c       0x20 common/built-in.o
                0x0000000080812b9c                fit_image_check_os
 .text.fit_image_check_arch
                0x0000000080812bbc       0x2c common/built-in.o
                0x0000000080812bbc                fit_image_check_arch
 .text.fit_image_check_type
                0x0000000080812be8       0x20 common/built-in.o
                0x0000000080812be8                fit_image_check_type
 .text.fit_image_check_comp
                0x0000000080812c08       0x20 common/built-in.o
                0x0000000080812c08                fit_image_check_comp
 .text.fit_check_format
                0x0000000080812c28       0x40 common/built-in.o
                0x0000000080812c28                fit_check_format
 .text.fit_conf_get_node
                0x0000000080812c68       0x40 common/built-in.o
                0x0000000080812c68                fit_conf_get_node
 .text.fit_conf_get_prop_node
                0x0000000080812ca8       0x1c common/built-in.o
                0x0000000080812ca8                fit_conf_get_prop_node
 .text.fit_conf_print
                0x0000000080812cc4      0x118 common/built-in.o
                0x0000000080812cc4                fit_conf_print
 .text.fit_print_contents
                0x0000000080812ddc      0x174 common/built-in.o
                0x0000000080812ddc                fit_print_contents
 .text.fit_get_node_from_config
                0x0000000080812f50       0x2a common/built-in.o
                0x0000000080812f50                fit_get_node_from_config
 *fill*         0x0000000080812f7a        0x2 
 .text.fit_image_load
                0x0000000080812f7c      0x3bc common/built-in.o
                0x0000000080812f7c                fit_image_load
 .text.boot_get_setup_fit
                0x0000000080813338       0x40 common/built-in.o
                0x0000000080813338                boot_get_setup_fit
 .text.get_ram_size
                0x0000000080813378       0x98 common/built-in.o
                0x0000000080813378                get_ram_size
 .text.get_effective_memsize
                0x0000000080813410        0x6 common/built-in.o
                0x0000000080813410                get_effective_memsize
 .text.stdio_serial_tstc
                0x0000000080813416        0x4 common/built-in.o
 .text.stdio_serial_getc
                0x000000008081341a        0x4 common/built-in.o
 .text.stdio_serial_puts
                0x000000008081341e        0x6 common/built-in.o
 .text.stdio_serial_putc
                0x0000000080813424        0x6 common/built-in.o
 *fill*         0x000000008081342a        0x2 
 .text.stdio_get_list
                0x000000008081342c        0x8 common/built-in.o
                0x000000008081342c                stdio_get_list
 .text.stdio_get_by_name
                0x0000000080813434       0x30 common/built-in.o
                0x0000000080813434                stdio_get_by_name
 .text.stdio_clone
                0x0000000080813464       0x22 common/built-in.o
                0x0000000080813464                stdio_clone
 *fill*         0x0000000080813486        0x2 
 .text.stdio_register_dev
                0x0000000080813488       0x34 common/built-in.o
                0x0000000080813488                stdio_register_dev
 .text.stdio_register
                0x00000000808134bc        0x6 common/built-in.o
                0x00000000808134bc                stdio_register
 *fill*         0x00000000808134c2        0x2 
 .text.stdio_init_tables
                0x00000000808134c4       0x14 common/built-in.o
                0x00000000808134c4                stdio_init_tables
 .text.stdio_add_devices
                0x00000000808134d8       0x54 common/built-in.o
                0x00000000808134d8                stdio_add_devices
 .text.cli_simple_process_macros
                0x000000008081352c      0x128 common/built-in.o
                0x000000008081352c                cli_simple_process_macros
 .text.run_command
                0x0000000080813654        0xe common/built-in.o
                0x0000000080813654                run_command
 .text.run_command_list
                0x0000000080813662       0x46 common/built-in.o
                0x0000000080813662                run_command_list
 .text.do_run   0x00000000808136a8       0x4c common/built-in.o
                0x00000000808136a8                do_run
 .text.cli_loop
                0x00000000808136f4        0x8 common/built-in.o
                0x00000000808136f4                cli_loop
 .text.cli_init
                0x00000000808136fc        0x4 common/built-in.o
                0x00000000808136fc                cli_init
 .text.delete_char.part.0
                0x0000000080813700       0x84 common/built-in.o
 .text.cread_add_char
                0x0000000080813784       0x80 common/built-in.o
 .text.cli_readline_into_buffer
                0x0000000080813804      0x65c common/built-in.o
                0x0000000080813804                cli_readline_into_buffer
 .text.cli_readline
                0x0000000080813e60       0x10 common/built-in.o
                0x0000000080813e60                cli_readline
 .text.run_usb_dnl_gadget
                0x0000000080813e70       0xdc common/built-in.o
                0x0000000080813e70                run_usb_dnl_gadget
 .text.find_cmd_tbl
                0x0000000080813f4c       0x62 common/built-in.o
                0x0000000080813f4c                find_cmd_tbl
 *fill*         0x0000000080813fae        0x2 
 .text.find_cmd
                0x0000000080813fb0       0x1c common/built-in.o
                0x0000000080813fb0                find_cmd
 .text.cmd_usage
                0x0000000080813fcc       0x3c common/built-in.o
                0x0000000080813fcc                cmd_usage
 .text._do_help
                0x0000000080814008      0x108 common/built-in.o
                0x0000000080814008                _do_help
 .text.var_complete
                0x0000000080814110       0x48 common/built-in.o
                0x0000000080814110                var_complete
 .text.cmd_auto_complete
                0x0000000080814158      0x2cc common/built-in.o
                0x0000000080814158                cmd_auto_complete
 .text.cmd_get_data_size
                0x0000000080814424       0x48 common/built-in.o
                0x0000000080814424                cmd_get_data_size
 .text.cmd_process
                0x000000008081446c       0x94 common/built-in.o
                0x000000008081446c                cmd_process
 .text.cmd_process_error
                0x0000000080814500       0x18 common/built-in.o
                0x0000000080814500                cmd_process_error
 .text.hex1_bin
                0x0000000080814518       0x2a common/built-in.o
 .text.hex2_bin
                0x0000000080814542       0x24 common/built-in.o
 .text.srec_decode
                0x0000000080814566      0x17c common/built-in.o
                0x0000000080814566                srec_decode
 .text.CYGACC_COMM_IF_GETC_TIMEOUT.isra.0
                0x00000000808146e2       0x2e common/built-in.o
 .text.xyzModem_flush
                0x0000000080814710       0x14 common/built-in.o
 .text.xyzModem_get_hdr
                0x0000000080814724      0x16c common/built-in.o
 .text.xyzModem_stream_open
                0x0000000080814890      0x168 common/built-in.o
                0x0000000080814890                xyzModem_stream_open
 .text.xyzModem_stream_read
                0x00000000808149f8      0x1a8 common/built-in.o
                0x00000000808149f8                xyzModem_stream_read
 .text.xyzModem_stream_close
                0x0000000080814ba0       0x40 common/built-in.o
                0x0000000080814ba0                xyzModem_stream_close
 .text.xyzModem_stream_terminate
                0x0000000080814be0       0x68 common/built-in.o
                0x0000000080814be0                xyzModem_stream_terminate
 .text.xyzModem_error
                0x0000000080814c48       0x18 common/built-in.o
                0x0000000080814c48                xyzModem_error
 .text.blk_get_dev
                0x0000000080814c60       0x18 disk/built-in.o
                0x0000000080814c60                blk_get_dev
 .text.dev_print
                0x0000000080814c78      0x170 disk/built-in.o
                0x0000000080814c78                dev_print
 .text.part_init
                0x0000000080814de8       0x2c disk/built-in.o
                0x0000000080814de8                part_init
 .text.part_print
                0x0000000080814e14       0xd8 disk/built-in.o
                0x0000000080814e14                part_print
 .text.part_get_info
                0x0000000080814eec       0x44 disk/built-in.o
                0x0000000080814eec                part_get_info
 .text.blk_get_device_by_str
                0x0000000080814f30       0xcc disk/built-in.o
                0x0000000080814f30                blk_get_device_by_str
 .text.blk_get_device_part_str
                0x0000000080814ffc      0x25c disk/built-in.o
                0x0000000080814ffc                blk_get_device_part_str
 .text.part_set_generic_name
                0x0000000080815258       0x34 disk/built-in.o
                0x0000000080815258                part_set_generic_name
 .text.test_block_type
                0x000000008081528c       0x4c disk/built-in.o
 .text.print_partition_extended
                0x00000000808152d8      0x188 disk/built-in.o
 .text.part_print_dos
                0x0000000080815460       0x20 disk/built-in.o
                0x0000000080815460                part_print_dos
 .text.part_test_dos
                0x0000000080815480       0x40 disk/built-in.o
 .text.part_get_info_extended
                0x00000000808154c0      0x1bc disk/built-in.o
 .text.part_get_info_dos
                0x000000008081567c       0x16 disk/built-in.o
                0x000000008081567c                part_get_info_dos
 .text.iso_dread
                0x0000000080815692       0x22 disk/built-in.o
                0x0000000080815692                iso_dread
 .text.part_get_info_iso_verb
                0x00000000808156b4      0x28c disk/built-in.o
                0x00000000808156b4                part_get_info_iso_verb
 .text.part_test_iso
                0x0000000080815940       0x14 disk/built-in.o
 .text.part_print_iso
                0x0000000080815954       0x60 disk/built-in.o
 .text.part_get_info_iso
                0x00000000808159b4        0x6 disk/built-in.o
 *fill*         0x00000000808159ba        0x2 
 .text.print_efiname
                0x00000000808159bc       0x3c disk/built-in.o
 .text.part_test_efi
                0x00000000808159f8       0x78 disk/built-in.o
 .text.set_protective_mbr
                0x0000000080815a70       0x7c disk/built-in.o
 .text.validate_gpt_entries
                0x0000000080815aec       0x80 disk/built-in.o
 *fill*         0x0000000080815b6c        0x4 
 .text.validate_gpt_header
                0x0000000080815b70      0x1a0 disk/built-in.o
 .text.is_gpt_valid
                0x0000000080815d10      0x13c disk/built-in.o
 .text.is_pte_valid
                0x0000000080815e4c       0x38 disk/built-in.o
 .text.part_print_efi
                0x0000000080815e84      0x1f8 disk/built-in.o
                0x0000000080815e84                part_print_efi
 .text.part_get_info_efi
                0x000000008081607c      0x174 disk/built-in.o
                0x000000008081607c                part_get_info_efi
 .text.write_gpt_table
                0x00000000808161f0      0x2b4 disk/built-in.o
                0x00000000808161f0                write_gpt_table
 .text.gpt_fill_pte
                0x00000000808164a4      0x22c disk/built-in.o
                0x00000000808164a4                gpt_fill_pte
 .text.gpt_fill_header
                0x00000000808166d0      0x142 disk/built-in.o
                0x00000000808166d0                gpt_fill_header
 *fill*         0x0000000080816812        0x2 
 .text.gpt_restore
                0x0000000080816814       0xa4 disk/built-in.o
                0x0000000080816814                gpt_restore
 .text.gpt_verify_headers
                0x00000000808168b8       0x54 disk/built-in.o
                0x00000000808168b8                gpt_verify_headers
 .text.gpt_verify_partitions
                0x000000008081690c      0x1c0 disk/built-in.o
                0x000000008081690c                gpt_verify_partitions
 .text.device_bind_common.isra.0
                0x0000000080816acc      0x1e8 drivers/built-in.o
 .text.alloc_priv
                0x0000000080816cb4       0x2c drivers/built-in.o
 .text.device_bind_by_name
                0x0000000080816ce0       0x44 drivers/built-in.o
                0x0000000080816ce0                device_bind_by_name
 .text.device_probe
                0x0000000080816d24      0x13c drivers/built-in.o
                0x0000000080816d24                device_probe
 .text.dev_get_platdata
                0x0000000080816e60       0x20 drivers/built-in.o
                0x0000000080816e60                dev_get_platdata
 .text.dev_get_priv
                0x0000000080816e80       0x20 drivers/built-in.o
                0x0000000080816e80                dev_get_priv
 .text.dev_get_uclass_priv
                0x0000000080816ea0       0x20 drivers/built-in.o
                0x0000000080816ea0                dev_get_uclass_priv
 .text.dev_get_addr
                0x0000000080816ec0        0x6 drivers/built-in.o
                0x0000000080816ec0                dev_get_addr
 *fill*         0x0000000080816ec6        0x2 
 .text.lists_driver_lookup_name
                0x0000000080816ec8       0x2c drivers/built-in.o
                0x0000000080816ec8                lists_driver_lookup_name
 .text.lists_uclass_lookup
                0x0000000080816ef4       0x20 drivers/built-in.o
                0x0000000080816ef4                lists_uclass_lookup
 .text.lists_bind_drivers
                0x0000000080816f14       0x58 drivers/built-in.o
                0x0000000080816f14                lists_bind_drivers
 .text.dm_root  0x0000000080816f6c       0x1c drivers/built-in.o
                0x0000000080816f6c                dm_root
 .text.dm_init  0x0000000080816f88       0x44 drivers/built-in.o
                0x0000000080816f88                dm_init
 .text.dm_scan_platdata
                0x0000000080816fcc       0x20 drivers/built-in.o
                0x0000000080816fcc                dm_scan_platdata
 .text.dm_scan_other
                0x0000000080816fec        0x4 drivers/built-in.o
                0x0000000080816fec                dm_scan_other
 .text.dm_init_and_scan
                0x0000000080816ff0       0x1e drivers/built-in.o
                0x0000000080816ff0                dm_init_and_scan
 .text.uclass_find
                0x000000008081700e       0x2e drivers/built-in.o
                0x000000008081700e                uclass_find
 .text.uclass_get
                0x000000008081703c       0xa8 drivers/built-in.o
                0x000000008081703c                uclass_get
 .text.uclass_find_device
                0x00000000808170e4       0x42 drivers/built-in.o
                0x00000000808170e4                uclass_find_device