fat.c:33:13:downcase	0	static
fat.c:48:12:disk_read	16	static
fat.c:560:13:mkcksum	8	static
fat_write.c:31:12:disk_write	16	static
fat_write.c:107:12:flush_dirty_fat_buffer	24	static
fat_write.c:366:12:set_fatent_value	32	static
fat.c:179:14:get_fatent	32	static
fat_write.c:559:12:find_empty_cluster	16	static
fat.c:263:1:get_cluster	40	dynamic
fat.c:140:13:get_name	24	static
fat_write.c:497:1:set_cluster	40	dynamic
fat.c:743:1:read_bootsectandvi	24	static
fat_write.c:54:13:set_name	280	static
fat_write.c:749:12:check_overflow	32	static
fat.c:444:12:slot2str	20	static
fat.c:477:1:get_vfatname	40	static
fat_write.c:576:13:flush_dir_table.constprop	16	static
fat_write.c:906:12:do_fat_write	1104	static
fat.c:63:5:fat_set_blk_dev	24	dynamic
fat.c:92:5:fat_register_device	136	static
fat.c:813:5:do_fat_read_at	2608	static
fat.c:1234:5:do_fat_read	40	static
fat.c:1240:5:file_fat_detectfs	120	static
fat.c:1302:5:file_fat_ls	24	static
fat.c:1309:5:fat_exists	48	static
fat.c:1318:5:fat_size	40	static
fat.c:1323:5:file_fat_read_at	48	static
fat.c:1331:5:file_fat_read	40	static
fat.c:1343:5:fat_read_file	48	static
fat.c:1355:6:fat_close	0	static
fat_write.c:1080:5:file_fat_write	24	static
