ether.c:1199:13:eth_setup_complete	0	static
ether.c:1620:13:tx_complete	0	static
ether.c:1803:13:eth_suspend	0	static
ether.c:1965:11:nibble	0	static
ether.c:1551:13:rx_complete	16	static
ether.c:2536:12:usb_eth_send	32	static
ether.c:1217:13:rndis_command_complete	16	static
ether.c:1762:13:eth_unbind	16	static
ether.c:1827:13:rndis_control_ack_complete	16	static
ether.c:1853:12:rndis_control_ack	16	static
ether.c:1001:13:eth_reset_config	8	static
ether.c:1797:13:eth_disconnect	0	static
ether.c:924:1:set_ether_config.isra.5	16	static
ether.c:1975:12:get_ether_addr	32	static
ether.c:1995:12:eth_bind	64	static
ether.c:1937:12:is_eth_addr_valid.part.8	32	static
ether.c:1504:12:rx_submit.constprop	24	static
ether.c:2543:12:usb_eth_recv	16	static
ether.c:1240:1:eth_setup	48	static
ether.c:1208:13:rndis_response_complete	0	static
ether.c:1808:13:eth_resume	0	static
ether.c:2529:12:usb_eth_init	24	static
ether.c:2492:6:_usb_eth_halt	8	static
ether.c:2570:6:usb_eth_halt	0	static
ether.c:2577:5:usb_eth_initialize	16	static
