rndis.c:1245:22:rndis_add_response	16	static
rndis.c:980:5:rndis_signal_connect	16	static
rndis.c:988:5:rndis_signal_disconnect	0	static
rndis.c:1016:6:rndis_set_host_mac	0	static
rndis.c:1021:18:rndis_get_state	0	static
rndis.c:1031:5:rndis_msg_parser	24	static
rndis.c:1124:5:rndis_register	0	static
rndis.c:1141:6:rndis_deregister	0	static
rndis.c:1152:5:rndis_set_param_dev	8	static
rndis.c:1169:5:rndis_set_param_vendor	0	static
rndis.c:1183:5:rndis_set_param_medium	0	static
rndis.c:1195:6:rndis_add_hdr	16	static
rndis.c:1207:6:rndis_free_response	24	static
rndis.c:1223:5:rndis_get_next_response	8	static
rndis.c:1001:6:rndis_uninit	16	static
rndis.c:1263:5:rndis_rm_hdr	8	static
rndis.c:1292:5:rndis_init	0	static
rndis.c:1308:6:rndis_exit	0	static
