Archive member included to satisfy reference by file (symbol)

arch/arm/lib/lib.a(lib1funcs.o)
                              arch/arm/mach-omap2/built-in.o (__aeabi_uidiv)
arch/arm/lib/lib.a(div0.o)    arch/arm/lib/lib.a(lib1funcs.o) (__div0)

Discarded input sections

 .data          0x0000000000000000        0x0 arch/arm/cpu/armv7/start.o
 .bss           0x0000000000000000        0x0 arch/arm/cpu/armv7/start.o
 .text.set_mpu_spreadspectrum
                0x0000000000000000       0xc0 arch/arm/mach-omap2/built-in.o
 .text.do_disable_clocks
                0x0000000000000000       0x6c arch/arm/mach-omap2/built-in.o
 .text.get_cpu_rev
                0x0000000000000000       0x10 arch/arm/mach-omap2/built-in.o
 .text.get_cpu_type
                0x0000000000000000       0x14 arch/arm/mach-omap2/built-in.o
 .text.get_device_type
                0x0000000000000000       0x14 arch/arm/mach-omap2/built-in.o
 .text.get_sysboot_value
                0x0000000000000000       0x14 arch/arm/mach-omap2/built-in.o
 .text.print_cpuinfo
                0x0000000000000000       0x84 arch/arm/mach-omap2/built-in.o
 .text.dram_init
                0x0000000000000000       0x1a arch/arm/mach-omap2/built-in.o
 .text.dram_init_banksize
                0x0000000000000000       0x16 arch/arm/mach-omap2/built-in.o
 .text.am33xx_spl_board_init
                0x0000000000000000       0x28 arch/arm/mach-omap2/built-in.o
 .text.arch_cpu_init_dm
                0x0000000000000000        0xa arch/arm/mach-omap2/built-in.o
 .text.clk_synthesizer_reg_write
                0x0000000000000000       0x38 arch/arm/mach-omap2/built-in.o
 .text.setup_clock_synthesizer
                0x0000000000000000       0x94 arch/arm/mach-omap2/built-in.o
 .text.warm_reset
                0x0000000000000000       0x1c arch/arm/mach-omap2/built-in.o
 .text.setup_warmreset_time
                0x0000000000000000        0x2 arch/arm/mach-omap2/built-in.o
 .text.get_ticks
                0x0000000000000000        0xa arch/arm/mach-omap2/built-in.o
 .text.get_tbclk
                0x0000000000000000        0x6 arch/arm/mach-omap2/built-in.o
 .text.do_cancel_out
                0x0000000000000000       0x44 arch/arm/mach-omap2/built-in.o
 .text.cancel_out
                0x0000000000000000       0x62 arch/arm/mach-omap2/built-in.o
 .text.omap_die_id
                0x0000000000000000        0xc arch/arm/mach-omap2/built-in.o
 .text.omap_die_id_serial
                0x0000000000000000       0x4c arch/arm/mach-omap2/built-in.o
 .text.omap_die_id_get_board_serial
                0x0000000000000000       0x24 arch/arm/mach-omap2/built-in.o
 .text.omap_die_id_usbethaddr
                0x0000000000000000       0x54 arch/arm/mach-omap2/built-in.o
 .text.omap_die_id_display
                0x0000000000000000       0x2c arch/arm/mach-omap2/built-in.o
 .text.enable_caches
                0x0000000000000000        0x4 arch/arm/mach-omap2/built-in.o
 .text.dram_bank_mmu_setup
                0x0000000000000000       0x26 arch/arm/mach-omap2/built-in.o
 .text.arm_init_domains
                0x0000000000000000       0x16 arch/arm/mach-omap2/built-in.o
 .text.fb_set_reboot_flag
                0x0000000000000000       0x24 arch/arm/mach-omap2/built-in.o
 .text.enable_gpmc_cs_config
                0x0000000000000000       0x6c arch/arm/mach-omap2/built-in.o
 .text.set_gpmc_cs0
                0x0000000000000000       0x18 arch/arm/mach-omap2/built-in.o
 .text.gpmc_init
                0x0000000000000000       0x50 arch/arm/mach-omap2/built-in.o
 .rodata.cmdpll
                0x0000000000000000        0x4 arch/arm/mach-omap2/built-in.o
 .rodata.cmper  0x0000000000000000        0x4 arch/arm/mach-omap2/built-in.o
 .rodata.cmrtc  0x0000000000000000        0x4 arch/arm/mach-omap2/built-in.o
 .rodata.set_mpu_spreadspectrum.str1.1
                0x0000000000000000       0x31 arch/arm/mach-omap2/built-in.o
 .rodata.do_disable_clocks.str1.1
                0x0000000000000000       0x2b arch/arm/mach-omap2/built-in.o
 .rodata.cpu_revs
                0x0000000000000000        0xc arch/arm/mach-omap2/built-in.o
 .rodata.dev_types
                0x0000000000000000       0x10 arch/arm/mach-omap2/built-in.o
 .rodata.print_cpuinfo.str1.1
                0x0000000000000000       0x3d arch/arm/mach-omap2/built-in.o
 .rodata.clk_synthesizer_reg_write.str1.1
                0x0000000000000000       0x33 arch/arm/mach-omap2/built-in.o
 .rodata.setup_clock_synthesizer.str1.1
                0x0000000000000000       0x4f arch/arm/mach-omap2/built-in.o
 .rodata.omap_die_id_display.str1.1
                0x0000000000000000       0x1f arch/arm/mach-omap2/built-in.o
 .rodata.omap_die_id_serial.str1.1
                0x0000000000000000       0x11 arch/arm/mach-omap2/built-in.o
 .rodata.omap_die_id_usbethaddr.str1.1
                0x0000000000000000        0xb arch/arm/mach-omap2/built-in.o
 .rodata.fb_set_reboot_flag.str1.1
[...]
Memory Configuration

Name             Origin             Length             Attributes
.sram            0x00000000402f0400 0x000000000001b000
.sdram           0x0000000080a00000 0x0000000000080000
*default*        0x0000000000000000 0xffffffffffffffff

Linker script and memory map


.text           0x00000000402f0400     0xcd4c
                0x00000000402f0400                __start = .
 *(.vectors)
 .vectors       0x00000000402f0400       0x44 arch/arm/lib/built-in.o
                0x00000000402f0400                _start
                0x00000000402f0420                _undefined_instruction
                0x00000000402f0424                _software_interrupt
                0x00000000402f0428                _prefetch_abort
                0x00000000402f042c                _data_abort
                0x00000000402f0430                _not_used
                0x00000000402f0434                _irq
                0x00000000402f0438                _fiq
 arch/arm/cpu/armv7/start.o(.text)
 .text          0x00000000402f0444       0xb0 arch/arm/cpu/armv7/start.o
                0x00000000402f0444                reset
                0x00000000402f0448                save_boot_params_ret
                0x00000000402f0484                c_runtime_cpu_setup
                0x00000000402f0498                cpu_init_cp15
                0x00000000402f04ec                cpu_init_crit
 *(.text*)
 .text          0x00000000402f04f4       0x60 arch/arm/mach-omap2/built-in.o
                0x00000000402f04f4                save_boot_params
                0x00000000402f0500                omap_smc1
                0x00000000402f051c                omap_smc_sec
 .text.get_dpll_mpu_params
                0x00000000402f0554        0x8 arch/arm/mach-omap2/built-in.o
                0x00000000402f0554                get_dpll_mpu_params
 .text.get_dpll_core_params
                0x00000000402f055c        0x8 arch/arm/mach-omap2/built-in.o
                0x00000000402f055c                get_dpll_core_params
 .text.get_dpll_per_params
                0x00000000402f0564        0x8 arch/arm/mach-omap2/built-in.o
                0x00000000402f0564                get_dpll_per_params
 .text.setup_clocks_for_console
                0x00000000402f056c       0x7c arch/arm/mach-omap2/built-in.o
                0x00000000402f056c                setup_clocks_for_console
 .text.enable_basic_clocks
                0x00000000402f05e8       0x44 arch/arm/mach-omap2/built-in.o
                0x00000000402f05e8                enable_basic_clocks
 .text.do_setup_dpll
                0x00000000402f062c       0xe0 arch/arm/mach-omap2/built-in.o
                0x00000000402f062c                do_setup_dpll
 .text.do_enable_clocks
                0x00000000402f070c       0x64 arch/arm/mach-omap2/built-in.o
                0x00000000402f070c                do_enable_clocks
 .text.scale_vcores
                0x00000000402f0770        0x2 arch/arm/mach-omap2/built-in.o
                0x00000000402f0770                scale_vcores
 .text.setup_early_clocks
                0x00000000402f0772       0x12 arch/arm/mach-omap2/built-in.o
                0x00000000402f0772                setup_early_clocks
 .text.prcm_init
                0x00000000402f0784       0x5c arch/arm/mach-omap2/built-in.o
                0x00000000402f0784                prcm_init
 .text.am335x_get_efuse_mpu_max_freq
                0x00000000402f07e0       0x82 arch/arm/mach-omap2/built-in.o
                0x00000000402f07e0                am335x_get_efuse_mpu_max_freq
 .text.am335x_get_tps65910_mpu_vdd
                0x00000000402f0862       0x28 arch/arm/mach-omap2/built-in.o
                0x00000000402f0862                am335x_get_tps65910_mpu_vdd
 *fill*         0x00000000402f088a        0x2 
 .text.configure_mr
                0x00000000402f088c       0x88 arch/arm/mach-omap2/built-in.o
 .text.config_sdram_emif4d5
                0x00000000402f0914      0x15c arch/arm/mach-omap2/built-in.o
                0x00000000402f0914                config_sdram_emif4d5
 .text.config_sdram
                0x00000000402f0a70       0x80 arch/arm/mach-omap2/built-in.o
                0x00000000402f0a70                config_sdram
 .text.set_sdram_timings
                0x00000000402f0af0       0x3c arch/arm/mach-omap2/built-in.o
                0x00000000402f0af0                set_sdram_timings
 .text.config_ddr_phy
                0x00000000402f0b2c      0x1ac arch/arm/mach-omap2/built-in.o
                0x00000000402f0b2c                config_ddr_phy
 .text.config_cmd_ctrl
                0x00000000402f0cd8       0x44 arch/arm/mach-omap2/built-in.o
                0x00000000402f0cd8                config_cmd_ctrl
 .text.config_ddr_data
                0x00000000402f0d1c       0x4c arch/arm/mach-omap2/built-in.o
                0x00000000402f0d1c                config_ddr_data
 .text.config_io_ctrl
                0x00000000402f0d68       0x34 arch/arm/mach-omap2/built-in.o
                0x00000000402f0d68                config_io_ctrl
 .text.ddr_pll_config
                0x00000000402f0d9c        0x2 arch/arm/mach-omap2/built-in.o
                0x00000000402f0d9c                ddr_pll_config
 *fill*         0x00000000402f0d9e        0x2 
 .text.config_ddr
                0x00000000402f0da0       0xb4 arch/arm/mach-omap2/built-in.o
                0x00000000402f0da0                config_ddr
 .text.am33xx_otg0_set_phy_power
                0x00000000402f0e54       0x20 arch/arm/mach-omap2/built-in.o
 .text.am33xx_otg1_set_phy_power
                0x00000000402f0e74       0x20 arch/arm/mach-omap2/built-in.o
 .text.arch_misc_init
                0x00000000402f0e94       0x34 arch/arm/mach-omap2/built-in.o
                0x00000000402f0e94                arch_misc_init
 .text.board_early_init_f
                0x00000000402f0ec8        0xe arch/arm/mach-omap2/built-in.o
                0x00000000402f0ec8                board_early_init_f
 .text.s_init   0x00000000402f0ed6        0x2 arch/arm/mach-omap2/built-in.o
                0x00000000402f0ed6                s_init
 .text.early_system_init
                0x00000000402f0ed8       0x94 arch/arm/mach-omap2/built-in.o
                0x00000000402f0ed8                early_system_init
 .text.board_init_f
                0x00000000402f0f6c       0x12 arch/arm/mach-omap2/built-in.o
                0x00000000402f0f6c                board_init_f
 .text.configure_module_pin_mux
                0x00000000402f0f7e       0x20 arch/arm/mach-omap2/built-in.o
                0x00000000402f0f7e                configure_module_pin_mux
 *fill*         0x00000000402f0f9e        0x2 
 .text.reset_cpu
                0x00000000402f0fa0       0x10 arch/arm/mach-omap2/built-in.o
                0x00000000402f0fa0                reset_cpu
 .text.timer_init
                0x00000000402f0fb0       0x18 arch/arm/mach-omap2/built-in.o
                0x00000000402f0fb0                timer_init
 .text.__udelay
                0x00000000402f0fc8       0x34 arch/arm/mach-omap2/built-in.o
                0x00000000402f0fc8                __udelay
 .text.get_timer_masked
                0x00000000402f0ffc       0x54 arch/arm/mach-omap2/built-in.o
                0x00000000402f0ffc                get_timer_masked
 .text.get_timer
                0x00000000402f1050        0xc arch/arm/mach-omap2/built-in.o
                0x00000000402f1050                get_timer
 .text.omap_sys_boot_device
                0x00000000402f105c        0x4 arch/arm/mach-omap2/built-in.o
                0x00000000402f105c                omap_sys_boot_device
 .text.save_omap_boot_params
                0x00000000402f1060       0x78 arch/arm/mach-omap2/built-in.o
                0x00000000402f1060                save_omap_boot_params
 .text.spl_boot_device
                0x00000000402f10d8        0x6 arch/arm/mach-omap2/built-in.o
                0x00000000402f10d8                spl_boot_device
 .text.spl_boot_mode
                0x00000000402f10de        0x6 arch/arm/mach-omap2/built-in.o
                0x00000000402f10de                spl_boot_mode
 .text.spl_board_init
                0x00000000402f10e4       0x28 arch/arm/mach-omap2/built-in.o
                0x00000000402f10e4                spl_board_init
 .text.board_mmc_init
                0x00000000402f110c       0x46 arch/arm/mach-omap2/built-in.o
                0x00000000402f110c                board_mmc_init
 *fill*         0x00000000402f1152        0x2 
 .text.jump_to_image_no_args
                0x00000000402f1154       0x10 arch/arm/mach-omap2/built-in.o
                0x00000000402f1154                jump_to_image_no_args
 .text          0x00000000402f1164      0x178 arch/arm/cpu/armv7/built-in.o
                0x00000000402f1164                __v7_flush_dcache_all
                0x00000000402f1200                v7_flush_dcache_all
                0x00000000402f1210                __v7_invalidate_dcache_all
                0x00000000402f12ac                v7_invalidate_dcache_all
                0x00000000402f12bc                lowlevel_init
 .text.invalidate_icache_all
                0x00000000402f12dc       0x14 arch/arm/cpu/armv7/built-in.o
                0x00000000402f12dc                invalidate_icache_all
 .text.v7_outer_cache_disable
                0x00000000402f12f0        0x2 arch/arm/cpu/armv7/built-in.o
                0x00000000402f12f0                v7_outer_cache_disable
 .text.v7_outer_cache_flush_all
                0x00000000402f12f2        0x2 arch/arm/cpu/armv7/built-in.o
                0x00000000402f12f2                v7_outer_cache_flush_all
 .text.flush_dcache_all
                0x00000000402f12f4        0xe arch/arm/cpu/armv7/built-in.o
                0x00000000402f12f4                flush_dcache_all
 .text.v7_outer_cache_inval_all
                0x00000000402f1302        0x2 arch/arm/cpu/armv7/built-in.o
                0x00000000402f1302                v7_outer_cache_inval_all
 .text.invalidate_dcache_all
                0x00000000402f1304        0xe arch/arm/cpu/armv7/built-in.o
                0x00000000402f1304                invalidate_dcache_all
 .text.cpu_cache_initialization
                0x00000000402f1312        0x2 arch/arm/cpu/armv7/built-in.o
                0x00000000402f1312                cpu_cache_initialization
 .text.cleanup_before_linux_select
                0x00000000402f1314       0x38 arch/arm/cpu/armv7/built-in.o
                0x00000000402f1314                cleanup_before_linux_select
 .text.cleanup_before_linux
                0x00000000402f134c        0x6 arch/arm/cpu/armv7/built-in.o
                0x00000000402f134c                cleanup_before_linux
 .text.wait_on_value
                0x00000000402f1352       0x1e arch/arm/cpu/armv7/built-in.o
                0x00000000402f1352                wait_on_value
 .text          0x00000000402f1370       0x68 arch/arm/lib/built-in.o
                0x00000000402f1370                _main
 .text.jump_to_image_linux
                0x00000000402f13d8       0x14 arch/arm/lib/built-in.o
                0x00000000402f13d8                jump_to_image_linux
 .text.bootz_setup
                0x00000000402f13ec       0x6c arch/arm/lib/built-in.o
                0x00000000402f13ec                bootz_setup
 .text.disable_interrupts
                0x00000000402f1458        0x4 arch/arm/lib/built-in.o
                0x00000000402f1458                disable_interrupts
 .text.reset_misc
                0x00000000402f145c        0x2 arch/arm/lib/built-in.o
                0x00000000402f145c                reset_misc
 *fill*         0x00000000402f145e        0x2 
 .text.do_reset
                0x00000000402f1460       0x28 arch/arm/lib/built-in.o
                0x00000000402f1460                do_reset
 .text.cp_delay
                0x00000000402f1488       0x18 arch/arm/lib/built-in.o
 .text.cache_disable
                0x00000000402f14a0       0x34 arch/arm/lib/built-in.o
 .text.icache_enable
                0x00000000402f14d4       0x18 arch/arm/lib/built-in.o
                0x00000000402f14d4                icache_enable
 .text.icache_disable
                0x00000000402f14ec        0x8 arch/arm/lib/built-in.o
                0x00000000402f14ec                icache_disable
 .text.dcache_disable
                0x00000000402f14f4        0x6 arch/arm/lib/built-in.o
                0x00000000402f14f4                dcache_disable
 *fill*         0x00000000402f14fa        0x2 
 .text.enable_uart0_pin_mux
                0x00000000402f14fc        0xc board/ti/am335x/built-in.o
                0x00000000402f14fc                enable_uart0_pin_mux
 .text.enable_i2c0_pin_mux
                0x00000000402f1508        0xc board/ti/am335x/built-in.o
                0x00000000402f1508                enable_i2c0_pin_mux
 .text.enable_board_pin_mux
                0x00000000402f1514      0x144 board/ti/am335x/built-in.o
                0x00000000402f1514                enable_board_pin_mux
 .text.do_board_detect
                0x00000000402f1658       0x30 board/ti/am335x/built-in.o
                0x00000000402f1658                do_board_detect
 .text.default_serial_console
                0x00000000402f1688       0x34 board/ti/am335x/built-in.o
                0x00000000402f1688                default_serial_console
 .text.spl_start_uboot
                0x00000000402f16bc       0x30 board/ti/am335x/built-in.o
                0x00000000402f16bc                spl_start_uboot
 .text.am33xx_spl_board_init
                0x00000000402f16ec      0x170 board/ti/am335x/built-in.o
                0x00000000402f16ec                am33xx_spl_board_init
 .text.get_dpll_ddr_params
                0x00000000402f185c       0x78 board/ti/am335x/built-in.o
                0x00000000402f185c                get_dpll_ddr_params
 .text.set_uart_mux_conf
                0x00000000402f18d4        0x4 board/ti/am335x/built-in.o
                0x00000000402f18d4                set_uart_mux_conf
 .text.set_mux_conf_regs
                0x00000000402f18d8        0x4 board/ti/am335x/built-in.o
                0x00000000402f18d8                set_mux_conf_regs
 .text.sdram_init
                0x00000000402f18dc      0x160 board/ti/am335x/built-in.o
                0x00000000402f18dc                sdram_init
 .text.ti_eeprom_string_cleanup
                0x00000000402f1a3c       0x22 board/ti/common/built-in.o
 .text.gpi2c_init
                0x00000000402f1a5e        0x2 board/ti/common/built-in.o
                0x00000000402f1a5e                gpi2c_init
 .text.ti_i2c_eeprom_get
                0x00000000402f1a60       0x9c board/ti/common/built-in.o
 .text.ti_i2c_eeprom_am_get
                0x00000000402f1afc       0xc0 board/ti/common/built-in.o
                0x00000000402f1afc                ti_i2c_eeprom_am_get
 .text.board_ti_is
                0x00000000402f1bbc       0x30 board/ti/common/built-in.o
                0x00000000402f1bbc                board_ti_is
 .text.board_ti_get_rev
                0x00000000402f1bec        0x8 board/ti/common/built-in.o
                0x00000000402f1bec                board_ti_get_rev
 .text.board_ti_get_config
                0x00000000402f1bf4        0x8 board/ti/common/built-in.o
                0x00000000402f1bf4                board_ti_get_config
 .text.show_boot_progress
                0x00000000402f1bfc        0x2 common/spl/built-in.o
                0x00000000402f1bfc                show_boot_progress
 .text.spl_board_prepare_for_linux
                0x00000000402f1bfe        0x2 common/spl/built-in.o
                0x00000000402f1bfe                spl_board_prepare_for_linux
 .text.spl_board_prepare_for_boot
                0x00000000402f1c00        0x2 common/spl/built-in.o
                0x00000000402f1c00                spl_board_prepare_for_boot
 *fill*         0x00000000402f1c02        0x2 
 .text.spl_set_header_raw_uboot
                0x00000000402f1c04       0x20 common/spl/built-in.o
                0x00000000402f1c04                spl_set_header_raw_uboot
 .text.spl_parse_image_header
                0x00000000402f1c24       0x78 common/spl/built-in.o
                0x00000000402f1c24                spl_parse_image_header
 .text.spl_init
                0x00000000402f1c9c       0x1c common/spl/built-in.o
                0x00000000402f1c9c                spl_init
 .text.board_boot_order
                0x00000000402f1cb8        0xc common/spl/built-in.o
                0x00000000402f1cb8                board_boot_order
 .text.board_init_r
                0x00000000402f1cc4       0xd4 common/spl/built-in.o
                0x00000000402f1cc4                board_init_r
 .text.preloader_console_init
                0x00000000402f1d98       0x2c common/spl/built-in.o
                0x00000000402f1d98                preloader_console_init
 .text.spl_relocate_stack_gd
                0x00000000402f1dc4       0x18 common/spl/built-in.o
                0x00000000402f1dc4                spl_relocate_stack_gd
 .text.spl_ymodem_load_image
                0x00000000402f1ddc       0xa4 common/spl/built-in.o
 .text.getcymodem
                0x00000000402f1e80       0x16 common/spl/built-in.o
 *fill*         0x00000000402f1e96        0x2 
 .text.mmc_load_image_raw_sector
                0x00000000402f1e98       0x68 common/spl/built-in.o
 .text.spl_mmc_get_device_index
                0x00000000402f1f00       0x28 common/spl/built-in.o
                0x00000000402f1f00                spl_mmc_get_device_index
 .text.spl_mmc_load_image
                0x00000000402f1f28      0x178 common/spl/built-in.o
                0x00000000402f1f28                spl_mmc_load_image
 .text.spl_load_image_fat
                0x00000000402f20a0       0x84 common/spl/built-in.o
                0x00000000402f20a0                spl_load_image_fat
 .text.spl_load_image_fat_os
                0x00000000402f2124       0xe4 common/spl/built-in.o
                0x00000000402f2124                spl_load_image_fat_os
 .text.spl_load_image_ext
                0x00000000402f2208       0xdc common/spl/built-in.o
                0x00000000402f2208                spl_load_image_ext
 .text.spl_load_image_ext_os
                0x00000000402f22e4      0x130 common/spl/built-in.o
                0x00000000402f22e4                spl_load_image_ext_os
 .text.board_init_f_alloc_reserve
                0x00000000402f2414        0xa common/init/built-in.o
                0x00000000402f2414                board_init_f_alloc_reserve
 .text.board_init_f_init_reserve
                0x00000000402f241e       0x26 common/init/built-in.o
                0x00000000402f241e                board_init_f_init_reserve
 .text.CYGACC_COMM_IF_GETC_TIMEOUT.isra.0
                0x00000000402f2444       0x2e common/built-in.o
 .text.xyzModem_flush
                0x00000000402f2472       0x14 common/built-in.o
 *fill*         0x00000000402f2486        0x2 
 .text.xyzModem_get_hdr
                0x00000000402f2488      0x16c common/built-in.o
 .text.xyzModem_stream_open
                0x00000000402f25f4      0x168 common/built-in.o
                0x00000000402f25f4                xyzModem_stream_open
 .text.xyzModem_stream_read
                0x00000000402f275c      0x1a8 common/built-in.o
                0x00000000402f275c                xyzModem_stream_read
 .text.xyzModem_stream_close
                0x00000000402f2904       0x40 common/built-in.o
                0x00000000402f2904                xyzModem_stream_close
 .text.xyzModem_stream_terminate
                0x00000000402f2944       0x68 common/built-in.o
                0x00000000402f2944                xyzModem_stream_terminate
 .text.xyzModem_error
                0x00000000402f29ac       0x18 common/built-in.o
                0x00000000402f29ac                xyzModem_error
 .text.regex_callback
                0x00000000402f29c4       0xd0 common/built-in.o
 .text.env_attr_walk
                0x00000000402f2a94       0xb2 common/built-in.o
                0x00000000402f2a94                env_attr_walk
 *fill*         0x00000000402f2b46        0x2 
 .text.env_attr_lookup
                0x00000000402f2b48       0x4c common/built-in.o
                0x00000000402f2b48                env_attr_lookup
 .text.skip_num
                0x00000000402f2b94       0x3c common/built-in.o
 .text.env_flags_parse_vartype
                0x00000000402f2bd0       0x30 common/built-in.o
                0x00000000402f2bd0                env_flags_parse_vartype
 .text.env_flags_parse_varaccess
                0x00000000402f2c00       0x30 common/built-in.o
                0x00000000402f2c00                env_flags_parse_varaccess
 .text.eth_validate_ethaddr_str
                0x00000000402f2c30       0x50 common/built-in.o
                0x00000000402f2c30                eth_validate_ethaddr_str
 .text.env_flags_init
                0x00000000402f2c80       0x90 common/built-in.o
                0x00000000402f2c80                env_flags_init
 .text.env_flags_validate
                0x00000000402f2d10      0x188 common/built-in.o
                0x00000000402f2d10                env_flags_validate
 .text.env_callback_init
                0x00000000402f2e98       0x98 common/built-in.o
                0x00000000402f2e98                env_callback_init
 .text.mmc_get_env_addr
                0x00000000402f2f30       0x12 common/built-in.o
                0x00000000402f2f30                mmc_get_env_addr
 .text.mmc_get_env_dev
                0x00000000402f2f42        0x4 common/built-in.o
                0x00000000402f2f42                mmc_get_env_dev
 *fill*         0x00000000402f2f46        0x2 
 .text.fini_mmc_for_env.isra.0
                0x00000000402f2f48       0x1c common/built-in.o
 .text.env_init
                0x00000000402f2f64       0x14 common/built-in.o
                0x00000000402f2f64                env_init
 .text.mmc_get_env_part
                0x00000000402f2f78        0x4 common/built-in.o
                0x00000000402f2f78                mmc_get_env_part
 .text.init_mmc_for_env
                0x00000000402f2f7c       0x58 common/built-in.o
 .text.env_relocate_spec
                0x00000000402f2fd4      0x1c4 common/built-in.o
                0x00000000402f2fd4                env_relocate_spec
 .text.env_get_char_spec
                0x00000000402f3198        0x8 common/built-in.o
                0x00000000402f3198                env_get_char_spec
 .text.env_get_addr
                0x00000000402f31a0       0x18 common/built-in.o
                0x00000000402f31a0                env_get_addr
 .text.env_get_char_memory
                0x00000000402f31b8        0xa common/built-in.o
                0x00000000402f31b8                env_get_char_memory
 *fill*         0x00000000402f31c2        0x2 
 .text.env_get_char
                0x00000000402f31c4       0x20 common/built-in.o
                0x00000000402f31c4                env_get_char
 .text.getenv_yesno
                0x00000000402f31e4       0x2a common/built-in.o
                0x00000000402f31e4                getenv_yesno
 .text.getenv_default
                0x00000000402f320e       0x2a common/built-in.o
                0x00000000402f320e                getenv_default
 .text.set_default_env
                0x00000000402f3238       0x8c common/built-in.o
                0x00000000402f3238                set_default_env
 .text.env_import
                0x00000000402f32c4       0x94 common/built-in.o
                0x00000000402f32c4                env_import
 .text.putc     0x00000000402f3358       0x24 common/built-in.o
                0x00000000402f3358                putc
 .text.puts     0x00000000402f337c       0x24 common/built-in.o
                0x00000000402f337c                puts
 .text.fgetc    0x00000000402f33a0       0x18 common/built-in.o
                0x00000000402f33a0                fgetc
 .text.getc     0x00000000402f33b8       0x1a common/built-in.o
                0x00000000402f33b8                getc
 *fill*         0x00000000402f33d2        0x2 
 .text.ftstc    0x00000000402f33d4       0x18 common/built-in.o
                0x00000000402f33d4                ftstc
 .text.tstc     0x00000000402f33ec       0x1a common/built-in.o
                0x00000000402f33ec                tstc
 *fill*         0x00000000402f3406        0x2 
 .text.sbrk     0x00000000402f3408       0x40 common/built-in.o
                0x00000000402f3408                sbrk
 .text.mem_malloc_init
                0x00000000402f3448       0x28 common/built-in.o
                0x00000000402f3448                mem_malloc_init
 .text.malloc_trim
                0x00000000402f3470       0x84 common/built-in.o
                0x00000000402f3470                malloc_trim
 .text.free     0x00000000402f34f4      0x164 common/built-in.o
                0x00000000402f34f4                free
 .text.malloc   0x00000000402f3658      0x420 common/built-in.o
                0x00000000402f3658                malloc
 .text.calloc   0x00000000402f3a78       0xb8 common/built-in.o
                0x00000000402f3a78                calloc
 .text.memalign
                0x00000000402f3b30      0x106 common/built-in.o
                0x00000000402f3b30                memalign
 .text.malloc_simple
                0x00000000402f3c36       0x28 common/built-in.o
                0x00000000402f3c36                malloc_simple
 .text.envmatch
                0x00000000402f3c5e       0x44 cmd/built-in.o
                0x00000000402f3c5e                envmatch
 *fill*         0x00000000402f3ca2        0x2 
 .text.getenv_f
                0x00000000402f3ca4       0x7c cmd/built-in.o
                0x00000000402f3ca4                getenv_f
 .text.getenv   0x00000000402f3d20       0x54 cmd/built-in.o
                0x00000000402f3d20                getenv
 .text.crc16_ccitt
                0x00000000402f3d74       0x24 lib/built-in.o
                0x00000000402f3d74                crc16_ccitt
 .text._hdelete.isra.0
                0x00000000402f3d98       0x2e lib/built-in.o
 .text.drop_var_from_set.part.1
                0x00000000402f3dc6       0x30 lib/built-in.o
 *fill*         0x00000000402f3df6        0x2 
 .text.hcreate_r
                0x00000000402f3df8       0x58 lib/built-in.o
                0x00000000402f3df8                hcreate_r
 .text.hdestroy_r
                0x00000000402f3e50       0x44 lib/built-in.o
                0x00000000402f3e50                hdestroy_r
 .text.hsearch_r
                0x00000000402f3e94      0x2a4 lib/built-in.o
                0x00000000402f3e94                hsearch_r
 .text.hdelete_r
                0x00000000402f4138       0x88 lib/built-in.o
                0x00000000402f4138                hdelete_r
 .text.himport_r
                0x00000000402f41c0      0x24c lib/built-in.o
                0x00000000402f41c0                himport_r
 .text.crc32_no_comp
                0x00000000402f440c       0x90 lib/built-in.o
                0x00000000402f440c                crc32_no_comp
 .text.crc32    0x00000000402f449c        0xc lib/built-in.o
                0x00000000402f449c                crc32
 .text.__div64_32
                0x00000000402f44a8       0x8c lib/built-in.o
                0x00000000402f44a8                __div64_32
 .text.hang     0x00000000402f4534       0x18 lib/built-in.o
                0x00000000402f4534                hang
 .text.kmalloc  0x00000000402f454c       0x20 lib/built-in.o
                0x00000000402f454c                kmalloc
 .text.skip_spaces
                0x00000000402f456c       0x18 lib/built-in.o
                0x00000000402f456c                skip_spaces
 .text.strim    0x00000000402f4584       0x34 lib/built-in.o
                0x00000000402f4584                strim
 .text.emit     0x00000000402f45b8       0x20 lib/built-in.o
 .text.store_char_in_data
                0x00000000402f45d8       0x24 lib/built-in.o
 .text.get_escape_char
                0x00000000402f45fc       0x4a lib/built-in.o
 .text.relocate
                0x00000000402f4646       0x2a lib/built-in.o
 .text.match    0x00000000402f4670      0x260 lib/built-in.o
 .text.loop_greedy
                0x00000000402f48d0       0x56 lib/built-in.o
 .text.loop_non_greedy
                0x00000000402f4926       0x4c lib/built-in.o
 *fill*         0x00000000402f4972        0x2 
 .text.quantifier
                0x00000000402f4974       0x5c lib/built-in.o
 .text.fixup_branch
                0x00000000402f49d0       0x28 lib/built-in.o
 .text.compile  0x00000000402f49f8      0x218 lib/built-in.o
 .text.slre_compile
                0x00000000402f4c10       0x8c lib/built-in.o
                0x00000000402f4c10                slre_compile
 .text.slre_match
                0x00000000402f4c9c       0x5c lib/built-in.o
                0x00000000402f4c9c                slre_match
 .text.strcpy   0x00000000402f4cf8       0x10 lib/built-in.o
                0x00000000402f4cf8                strcpy
 .text.strncpy  0x00000000402f4d08       0x18 lib/built-in.o
                0x00000000402f4d08                strncpy
 .text.strcat   0x00000000402f4d20       0x20 lib/built-in.o
                0x00000000402f4d20                strcat
 .text.strcmp   0x00000000402f4d40       0x16 lib/built-in.o
                0x00000000402f4d40                strcmp
 .text.strncmp  0x00000000402f4d56       0x22 lib/built-in.o
                0x00000000402f4d56                strncmp
 .text.strchr   0x00000000402f4d78       0x18 lib/built-in.o
                0x00000000402f4d78                strchr
 .text.strlen   0x00000000402f4d90       0x10 lib/built-in.o
                0x00000000402f4d90                strlen
 .text.strnlen  0x00000000402f4da0       0x18 lib/built-in.o
                0x00000000402f4da0                strnlen
 .text.strdup   0x00000000402f4db8       0x22 lib/built-in.o
                0x00000000402f4db8                strdup
 .text.memset   0x00000000402f4dda       0x40 lib/built-in.o
                0x00000000402f4dda                memset
 .text.memcpy   0x00000000402f4e1a       0x46 lib/built-in.o
                0x00000000402f4e1a                memcpy
 .text.strlcpy  0x00000000402f4e60       0x2e lib/built-in.o
                0x00000000402f4e60                strlcpy
 .text.memmove  0x00000000402f4e8e       0x30 lib/built-in.o
                0x00000000402f4e8e                memmove
 .text.memcmp   0x00000000402f4ebe       0x1a lib/built-in.o
                0x00000000402f4ebe                memcmp
 .text.udelay   0x00000000402f4ed8       0x24 lib/built-in.o
                0x00000000402f4ed8                udelay
 .text.mdelay   0x00000000402f4efc       0x16 lib/built-in.o
                0x00000000402f4efc                mdelay
 *fill*         0x00000000402f4f12        0x2 
 .text.uuid_bin_to_str
                0x00000000402f4f14       0x78 lib/built-in.o
                0x00000000402f4f14                uuid_bin_to_str
 .text.put_dec_trunc
                0x00000000402f4f8c       0x96 lib/built-in.o
 *fill*         0x00000000402f5022        0x2 
 .text.string   0x00000000402f5024       0x74 lib/built-in.o
 .text.put_dec  0x00000000402f5098       0xdc lib/built-in.o
 .text.number   0x00000000402f5174      0x208 lib/built-in.o
 .text.vsnprintf_internal
                0x00000000402f537c      0x494 lib/built-in.o
 .text.vscnprintf
                0x00000000402f5810       0x16 lib/built-in.o
                0x00000000402f5810                vscnprintf
 .text.snprintf
                0x00000000402f5826       0x1a lib/built-in.o
                0x00000000402f5826                snprintf
 .text.vsprintf
                0x00000000402f5840        0xc lib/built-in.o
                0x00000000402f5840                vsprintf
 .text.sprintf  0x00000000402f584c       0x1a lib/built-in.o
                0x00000000402f584c                sprintf
 .text.printf   0x00000000402f5866       0x32 lib/built-in.o
                0x00000000402f5866                printf
 .text.vprintf  0x00000000402f5898       0x24 lib/built-in.o
                0x00000000402f5898                vprintf
 .text.panic_finish
                0x00000000402f58bc       0x20 lib/built-in.o
 .text.panic    0x00000000402f58dc       0x14 lib/built-in.o
                0x00000000402f58dc                panic
 .text.part_init
                0x00000000402f58f0       0x2c disk/built-in.o
                0x00000000402f58f0                part_init
 .text.part_get_info
                0x00000000402f591c       0x44 disk/built-in.o
                0x00000000402f591c                part_get_info
 .text.part_set_generic_name
                0x00000000402f5960       0x34 disk/built-in.o
                0x00000000402f5960                part_set_generic_name
 .text.test_block_type
                0x00000000402f5994       0x4c disk/built-in.o
 .text.part_test_dos
                0x00000000402f59e0       0x40 disk/built-in.o
 .text.part_get_info_extended
                0x00000000402f5a20      0x1bc disk/built-in.o
 .text.part_get_info_dos
                0x00000000402f5bdc       0x16 disk/built-in.o
                0x00000000402f5bdc                part_get_info_dos
 .text.iso_dread
                0x00000000402f5bf2       0x22 disk/built-in.o
                0x00000000402f5bf2                iso_dread
 .text.part_get_info_iso_verb
                0x00000000402f5c14      0x28c disk/built-in.o
                0x00000000402f5c14                part_get_info_iso_verb
 .text.part_test_iso
                0x00000000402f5ea0       0x14 disk/built-in.o
 .text.part_print_iso
                0x00000000402f5eb4       0x60 disk/built-in.o
 .text.part_get_info_iso
                0x00000000402f5f14        0x6 disk/built-in.o
 *fill*         0x00000000402f5f1a        0x2 
 .text.print_efiname
                0x00000000402f5f1c       0x3c disk/built-in.o
 .text.part_test_efi
                0x00000000402f5f58       0x78 disk/built-in.o
 .text.validate_gpt_entries
                0x00000000402f5fd0       0x80 disk/built-in.o
 .text.validate_gpt_header
                0x00000000402f6050      0x1a0 disk/built-in.o
 .text.is_gpt_valid
                0x00000000402f61f0      0x13c disk/built-in.o
 .text.is_pte_valid
                0x00000000402f632c       0x38 disk/built-in.o
 .text.part_get_info_efi
                0x00000000402f6364      0x174 disk/built-in.o
                0x00000000402f6364                part_get_info_efi
 .text.i2c_get_adapter
                0x00000000402f64d8       0x40 drivers/built-in.o
                0x00000000402f64d8                i2c_get_adapter
 .text.i2c_init_bus
                0x00000000402f6518       0x64 drivers/built-in.o
 .text.i2c_set_bus_num
                0x00000000402f657c       0x80 drivers/built-in.o
                0x00000000402f657c                i2c_set_bus_num
 .text.i2c_probe
                0x00000000402f65fc       0x20 drivers/built-in.o
                0x00000000402f65fc                i2c_probe
 .text.i2c_read
                0x00000000402f661c       0x34 drivers/built-in.o
                0x00000000402f661c                i2c_read
 .text.i2c_write
                0x00000000402f6650       0x34 drivers/built-in.o
                0x00000000402f6650                i2c_write
 .text.i2c_init
                0x00000000402f6684        0xe drivers/built-in.o
                0x00000000402f6684                i2c_init
 *fill*         0x00000000402f6692        0x2 
 .text.__omap24_i2c_setspeed
                0x00000000402f6694       0xc4 drivers/built-in.o
 .text.wait_for_bb
                0x00000000402f6758       0x58 drivers/built-in.o
 .text.wait_for_event
                0x00000000402f67b0       0x50 drivers/built-in.o
 .text.flush_fifo
                0x00000000402f6800       0x2a drivers/built-in.o
 *fill*         0x00000000402f682a        0x2 
 .text.omap24_get_base.isra.0
                0x00000000402f682c       0x24 drivers/built-in.o
 .text.omap24_i2c_setspeed
                0x00000000402f6850       0x40 drivers/built-in.o
 .text.omap24_i2c_write
                0x00000000402f6890      0x188 drivers/built-in.o
 .text.omap24_i2c_read
                0x00000000402f6a18      0x174 drivers/built-in.o
 .text.omap24_i2c_probe
                0x00000000402f6b8c       0xa8 drivers/built-in.o
 .text.omap24_i2c_init
                0x00000000402f6c34      0x21c drivers/built-in.o
 .text.check_gpio
                0x00000000402f6e50       0x1c drivers/built-in.o
 .text.gpio_is_valid
                0x00000000402f6e6c        0xa drivers/built-in.o
                0x00000000402f6e6c                gpio_is_valid
 *fill*         0x00000000402f6e76        0x2 
 .text.gpio_get_value
                0x00000000402f6e78       0x44 drivers/built-in.o
                0x00000000402f6e78                gpio_get_value
 .text.gpio_direction_input
                0x00000000402f6ebc       0x38 drivers/built-in.o
                0x00000000402f6ebc                gpio_direction_input
 .text.gpio_direction_output
                0x00000000402f6ef4       0x48 drivers/built-in.o
                0x00000000402f6ef4                gpio_direction_output
 .text.gpio_request
                0x00000000402f6f3c        0xa drivers/built-in.o
                0x00000000402f6f3c                gpio_request
 .text.mmc_berase
                0x00000000402f6f46        0x4 drivers/built-in.o
 .text.mmc_bwrite
                0x00000000402f6f4a        0x4 drivers/built-in.o
 *fill*         0x00000000402f6f4e        0x2 
 .text.find_mmc_device
                0x00000000402f6f50       0x30 drivers/built-in.o
                0x00000000402f6f50                find_mmc_device
 .text.mmc_select_hwpartp
                0x00000000402f6f80       0x36 drivers/built-in.o
 .text.mmc_get_dev
                0x00000000402f6fb6       0x1e drivers/built-in.o
 .text.mmc_get_next_devnum
                0x00000000402f6fd4       0x10 drivers/built-in.o
                0x00000000402f6fd4                mmc_get_next_devnum
 .text.mmc_get_blk_desc
                0x00000000402f6fe4        0x4 drivers/built-in.o
                0x00000000402f6fe4                mmc_get_blk_desc
 .text.mmc_do_preinit
                0x00000000402f6fe8       0x20 drivers/built-in.o
                0x00000000402f6fe8                mmc_do_preinit
 .text.mmc_list_init
                0x00000000402f7008       0x18 drivers/built-in.o
                0x00000000402f7008                mmc_list_init
 .text.mmc_list_add
                0x00000000402f7020       0x14 drivers/built-in.o
                0x00000000402f7020                mmc_list_add
 .text.mmc_create
                0x00000000402f7034       0x84 drivers/built-in.o
                0x00000000402f7034                mmc_create
 .text.mmc_set_ios
                0x00000000402f70b8        0xc drivers/built-in.o
 .text.mmc_set_capacity
                0x00000000402f70c4       0x6c drivers/built-in.o
 .text.board_mmc_getcd
                0x00000000402f7130        0x6 drivers/built-in.o
                0x00000000402f7130                board_mmc_getcd
 .text.mmc_send_cmd
                0x00000000402f7136        0x8 drivers/built-in.o
                0x00000000402f7136                mmc_send_cmd
 .text.mmc_send_ext_csd
                0x00000000402f713e       0x2e drivers/built-in.o
 .text.mmc_go_idle
                0x00000000402f716c       0x32 drivers/built-in.o
 *fill*         0x00000000402f719e        0x2 
 .text.mmc_send_op_cond_iter
                0x00000000402f71a0       0x44 drivers/built-in.o
 .text.mmc_send_status
                0x00000000402f71e4       0x90 drivers/built-in.o
                0x00000000402f71e4                mmc_send_status
 .text.mmc_set_blocklen
                0x00000000402f7274       0x26 drivers/built-in.o
                0x00000000402f7274                mmc_set_blocklen
 *fill*         0x00000000402f729a        0x2 
 .text.mmc_bread
                0x00000000402f729c       0xdc drivers/built-in.o
                0x00000000402f729c                mmc_bread
 .text.mmc_switch
                0x00000000402f7378       0x3e drivers/built-in.o
                0x00000000402f7378                mmc_switch
 .text.mmc_switch_part
                0x00000000402f73b6       0x40 drivers/built-in.o
                0x00000000402f73b6                mmc_switch_part
 .text.mmc_getcd
                0x00000000402f73f6       0x20 drivers/built-in.o
                0x00000000402f73f6                mmc_getcd
 .text.mmc_set_clock
                0x00000000402f7416       0x1c drivers/built-in.o
                0x00000000402f7416                mmc_set_clock
 *fill*         0x00000000402f7432        0x2 
 .text.mmc_startup
                0x00000000402f7434      0x96c drivers/built-in.o
 .text.board_mmc_power_init
                0x00000000402f7da0        0x2 drivers/built-in.o
                0x00000000402f7da0                board_mmc_power_init
 *fill*         0x00000000402f7da2        0x2 
 .text.mmc_start_init
                0x00000000402f7da4      0x18c drivers/built-in.o
                0x00000000402f7da4                mmc_start_init
 .text.mmc_init
                0x00000000402f7f30       0x9c drivers/built-in.o
                0x00000000402f7f30                mmc_init
 .text.cpu_mmc_init
                0x00000000402f7fcc        0x6 drivers/built-in.o
                0x00000000402f7fcc                cpu_mmc_init
 *fill*         0x00000000402f7fd2        0x2 
 .text.mmc_initialize
                0x00000000402f7fd4       0x30 drivers/built-in.o
                0x00000000402f7fd4                mmc_initialize
 .text.omap_hsmmc_set_ios
                0x00000000402f8004      0x110 drivers/built-in.o
 .text.mmc_reset_controller_fsm
                0x00000000402f8114       0x7c drivers/built-in.o
 .text.omap_hsmmc_getwp
                0x00000000402f8190       0x10 drivers/built-in.o
 .text.omap_hsmmc_getcd
                0x00000000402f81a0       0x1a drivers/built-in.o
 *fill*         0x00000000402f81ba        0x2 
 .text.omap_hsmmc_send_cmd
                0x00000000402f81bc      0x338 drivers/built-in.o
 .text.omap_mmc_setup_gpio_in
                0x00000000402f84f4       0x2a drivers/built-in.o
 *fill*         0x00000000402f851e        0x2 
 .text.mmc_init_stream
                0x00000000402f8520       0xa4 drivers/built-in.o
                0x00000000402f8520                mmc_init_stream
 .text.omap_hsmmc_init_setup
                0x00000000402f85c4      0x164 drivers/built-in.o
 .text.omap_mmc_init
                0x00000000402f8728       0xc0 drivers/built-in.o
                0x00000000402f8728                omap_mmc_init
 .text.get_current
                0x00000000402f87e8       0x2c drivers/built-in.o
 .text.serial_init
                0x00000000402f8814       0x1a drivers/built-in.o
                0x00000000402f8814                serial_init
 .text.serial_getc
                0x00000000402f882e        0xe drivers/built-in.o
                0x00000000402f882e                serial_getc
 .text.serial_tstc
                0x00000000402f883c        0xe drivers/built-in.o
                0x00000000402f883c                serial_tstc
 .text.serial_putc
                0x00000000402f884a       0x12 drivers/built-in.o
                0x00000000402f884a                serial_putc
 .text.serial_puts
                0x00000000402f885c       0x12 drivers/built-in.o
                0x00000000402f885c                serial_puts
 *fill*         0x00000000402f886e        0x2 
 .text._serial_putc
                0x00000000402f8870       0x28 drivers/built-in.o
 .text.eserial1_putc
                0x00000000402f8898        0x6 drivers/built-in.o
 .text.eserial4_putc
                0x00000000402f889e        0x6 drivers/built-in.o
 .text._serial_puts
                0x00000000402f88a4       0x16 drivers/built-in.o
 .text.eserial1_puts
                0x00000000402f88ba        0x6 drivers/built-in.o
 .text.eserial4_puts
                0x00000000402f88c0        0x6 drivers/built-in.o
 *fill*         0x00000000402f88c6        0x2 
 .text._serial_setbrg
                0x00000000402f88c8       0x2c drivers/built-in.o
 .text.eserial1_setbrg
                0x00000000402f88f4        0x6 drivers/built-in.o
 .text.eserial4_setbrg
                0x00000000402f88fa        0x6 drivers/built-in.o
 .text.eserial1_init
                0x00000000402f8900       0x24 drivers/built-in.o
 .text.eserial4_init
                0x00000000402f8924       0x24 drivers/built-in.o
 .text.eserial1_getc
                0x00000000402f8948       0x10 drivers/built-in.o
 .text.eserial1_tstc
                0x00000000402f8958        0xc drivers/built-in.o
 .text.eserial4_getc
                0x00000000402f8964       0x10 drivers/built-in.o
 .text.eserial4_tstc
                0x00000000402f8974        0xc drivers/built-in.o
 .text.ns16550_calc_divisor
                0x00000000402f8980       0x10 drivers/built-in.o
                0x00000000402f8980                ns16550_calc_divisor
 .text.NS16550_init
                0x00000000402f8990       0x5c drivers/built-in.o
                0x00000000402f8990                NS16550_init
 .text.NS16550_reinit
                0x00000000402f89ec       0x54 drivers/built-in.o
                0x00000000402f89ec                NS16550_reinit
 .text.NS16550_putc
                0x00000000402f8a40       0x1c drivers/built-in.o
                0x00000000402f8a40                NS16550_putc
 .text.NS16550_getc
                0x00000000402f8a5c       0x20 drivers/built-in.o
                0x00000000402f8a5c                NS16550_getc
 .text.NS16550_tstc
                0x00000000402f8a7c        0xe drivers/built-in.o
                0x00000000402f8a7c                NS16550_tstc
 .text.tps65217_reg_read
                0x00000000402f8a8a       0x16 drivers/built-in.o
                0x00000000402f8a8a                tps65217_reg_read
 .text.tps65217_reg_write
                0x00000000402f8aa0       0x9c drivers/built-in.o
                0x00000000402f8aa0                tps65217_reg_write
 .text.tps65217_voltage_update
                0x00000000402f8b3c       0x32 drivers/built-in.o
                0x00000000402f8b3c                tps65217_voltage_update
 .text.tps65910_set_i2c_control
                0x00000000402f8b6e       0x36 drivers/built-in.o
                0x00000000402f8b6e                tps65910_set_i2c_control
 .text.tps65910_voltage_update
                0x00000000402f8ba4       0x94 drivers/built-in.o
                0x00000000402f8ba4                tps65910_voltage_update
 .text.musb_gadget_enable
                0x00000000402f8c38      0x192 drivers/built-in.o
 .text.musb_gadget_fifo_status
                0x00000000402f8dca       0x26 drivers/built-in.o
 .text.musb_gadget_fifo_flush
                0x00000000402f8df0       0x50 drivers/built-in.o
 .text.musb_gadget_get_frame
                0x00000000402f8e40        0xc drivers/built-in.o
 .text.musb_gadget_wakeup
                0x00000000402f8e4c        0x4 drivers/built-in.o
 .text.musb_gadget_set_self_powered
                0x00000000402f8e50       0x16 drivers/built-in.o
 .text.musb_gadget_vbus_draw
                0x00000000402f8e66        0x4 drivers/built-in.o
 .text.txstate  0x00000000402f8e6a       0x70 drivers/built-in.o
 .text.musb_alloc_request
                0x00000000402f8eda       0x22 drivers/built-in.o
                0x00000000402f8eda                musb_alloc_request
 .text.musb_free_request
                0x00000000402f8efc        0x6 drivers/built-in.o
                0x00000000402f8efc                musb_free_request
 *fill*         0x00000000402f8f02        0x2 
 .text.init_peripheral_ep
                0x00000000402f8f04       0xb0 drivers/built-in.o
 .text.musb_gadget_pullup
                0x00000000402f8fb4       0x38 drivers/built-in.o
 .text.musb_g_giveback
                0x00000000402f8fec       0x32 drivers/built-in.o
                0x00000000402f8fec                musb_g_giveback
 .text.rxstate  0x00000000402f901e       0x98 drivers/built-in.o
 .text.musb_gadget_dequeue
                0x00000000402f90b6       0x40 drivers/built-in.o
 .text.musb_gadget_disable
                0x00000000402f90f6       0x66 drivers/built-in.o
 .text.musb_g_tx
                0x00000000402f915c       0xe6 drivers/built-in.o
                0x00000000402f915c                musb_g_tx
 .text.musb_g_rx
                0x00000000402f9242       0x6e drivers/built-in.o
                0x00000000402f9242                musb_g_rx
 .text.musb_ep_restart
                0x00000000402f92b0       0x1e drivers/built-in.o
                0x00000000402f92b0                musb_ep_restart
 .text.musb_gadget_set_halt
                0x00000000402f92ce       0xb2 drivers/built-in.o
 .text.musb_gadget_queue
                0x00000000402f9380       0x72 drivers/built-in.o
 *fill*         0x00000000402f93f2        0x2 
 .text.musb_gadget_setup
                0x00000000402f93f4       0x90 drivers/built-in.o
                0x00000000402f93f4                musb_gadget_setup
 .text.musb_g_ep0_enable
                0x00000000402f9484        0x6 drivers/built-in.o
 .text.musb_g_ep0_disable
                0x00000000402f948a        0x6 drivers/built-in.o
 .text.musb_g_ep0_halt
                0x00000000402f9490       0x60 drivers/built-in.o
 .text.musb_g_ep0_dequeue
                0x00000000402f94f0        0x6 drivers/built-in.o
 .text.ep0_txstate
                0x00000000402f94f6       0x9a drivers/built-in.o
 .text.musb_g_ep0_queue
                0x00000000402f9590       0xb0 drivers/built-in.o
 .text.musb_g_ep0_irq
                0x00000000402f9640      0x5f4 drivers/built-in.o
                0x00000000402f9640                musb_g_ep0_irq
 .text.fifo_setup
                0x00000000402f9c34       0xfe drivers/built-in.o
 .text.musb_write_fifo
                0x00000000402f9d32       0x74 drivers/built-in.o
                0x00000000402f9d32                musb_write_fifo
 .text.musb_read_fifo
                0x00000000402f9da6       0x74 drivers/built-in.o
                0x00000000402f9da6                musb_read_fifo
 *fill*         0x00000000402f9e1a        0x2 
 .text.musb_load_testpacket
                0x00000000402f9e1c       0x24 drivers/built-in.o
                0x00000000402f9e1c                musb_load_testpacket
 .text.musb_interrupt
                0x00000000402f9e40       0xca drivers/built-in.o
                0x00000000402f9e40                musb_interrupt
 *fill*         0x00000000402f9f0a        0x2 
 .text.musb_init_controller
                0x00000000402f9f0c      0x414 drivers/built-in.o
                0x00000000402f9f0c                musb_init_controller
 .text.musb_register
                0x00000000402fa320       0x2c drivers/built-in.o
                0x00000000402fa320                musb_register
 .text.musb_h_ep0_flush_fifo
                0x00000000402fa34c       0x3c drivers/built-in.o
 .text.musb_h_tx_flush_fifo
                0x00000000402fa388       0x3c drivers/built-in.o
 .text.musb_start_urb
                0x00000000402fa3c4      0x33c drivers/built-in.o
 .text.musb_advance_schedule
                0x00000000402fa700      0x13c drivers/built-in.o
 .text.musb_h_ep0_irq
                0x00000000402fa83c      0x1b8 drivers/built-in.o
                0x00000000402fa83c                musb_h_ep0_irq
 .text.musb_host_tx
                0x00000000402fa9f4      0x120 drivers/built-in.o
                0x00000000402fa9f4                musb_host_tx
 .text.musb_host_rx
                0x00000000402fab14      0x268 drivers/built-in.o
                0x00000000402fab14                musb_host_rx
 .text.dsps_musb_enable
                0x00000000402fad7c       0x1c drivers/built-in.o
 .text.dsps_musb_disable
                0x00000000402fad98        0x2 drivers/built-in.o
 *fill*         0x00000000402fad9a        0x2 
 .text.dsps_musb_init
                0x00000000402fad9c       0x50 drivers/built-in.o
 .text.dsps_musb_exit
                0x00000000402fadec       0x14 drivers/built-in.o
 .text.dsps_interrupt
                0x00000000402fae00       0x48 drivers/built-in.o
 .text.hw_watchdog_reset
                0x00000000402fae48       0x30 drivers/built-in.o
                0x00000000402fae48                hw_watchdog_reset
 .text.hw_watchdog_init
                0x00000000402fae78       0x70 drivers/built-in.o
                0x00000000402fae78                hw_watchdog_init
 .text.get_desc
                0x00000000402faee8       0x3a drivers/built-in.o
 *fill*         0x00000000402faf22        0x2 
 .text.blk_driver_lookup_type
                0x00000000402faf24       0x20 drivers/built-in.o
                0x00000000402faf24                blk_driver_lookup_type
 .text.blk_dselect_hwpart
                0x00000000402faf44       0x26 drivers/built-in.o
                0x00000000402faf44                blk_dselect_hwpart
 .text.blk_select_hwpart_devnum
                0x00000000402faf6a       0x2a drivers/built-in.o
                0x00000000402faf6a                blk_select_hwpart_devnum
 .text.downcase
                0x00000000402faf94       0x20 fs/built-in.o
 .text.disk_read
                0x00000000402fafb4       0x34 fs/built-in.o
 .text.mkcksum  0x00000000402fafe8       0x36 fs/built-in.o
 *fill*         0x00000000402fb01e        0x2 
 .text.disk_write
                0x00000000402fb020       0x50 fs/built-in.o
 .text.flush_dirty_fat_buffer
                0x00000000402fb070       0x60 fs/built-in.o
 .text.get_fatent
                0x00000000402fb0d0      0x100 fs/built-in.o
 .text.get_cluster
                0x00000000402fb1d0       0xf4 fs/built-in.o
 .text.get_name
                0x00000000402fb2c4       0x70 fs/built-in.o
 .text.read_bootsectandvi
                0x00000000402fb334       0xb4 fs/built-in.o
 .text.slot2str
                0x00000000402fb3e8       0x64 fs/built-in.o
 .text.get_vfatname
                0x00000000402fb44c      0x114 fs/built-in.o
 .text.fat_set_blk_dev
                0x00000000402fb560       0x8c fs/built-in.o
                0x00000000402fb560                fat_set_blk_dev
 .text.fat_register_device
                0x00000000402fb5ec       0x54 fs/built-in.o
                0x00000000402fb5ec                fat_register_device
 .text.do_fat_read_at
                0x00000000402fb640      0x8ac fs/built-in.o
                0x00000000402fb640                do_fat_read_at
 .text.file_fat_read_at
                0x00000000402fbeec       0x3c fs/built-in.o
                0x00000000402fbeec                file_fat_read_at
 .text.file_fat_read
                0x00000000402fbf28       0x22 fs/built-in.o
                0x00000000402fbf28                file_fat_read
 *fill*         0x00000000402fbf4a        0x2 
 .text.get_fs   0x00000000402fbf4c        0x8 fs/built-in.o
                0x00000000402fbf4c                get_fs
 .text.ext4fs_free_node
                0x00000000402fbf54       0x1c fs/built-in.o
                0x00000000402fbf54                ext4fs_free_node
 .text.ext4fs_read_file
                0x00000000402fbf70      0x23c fs/built-in.o
                0x00000000402fbf70                ext4fs_read_file
 .text.ext4fs_read
                0x00000000402fc1ac       0x38 fs/built-in.o
                0x00000000402fc1ac                ext4fs_read
 .text.ext4fs_bg_get_inode_table_id
                0x00000000402fc1e4       0x1a fs/built-in.o
                0x00000000402fc1e4                ext4fs_bg_get_inode_table_id
 .text.ext4fs_read_inode
                0x00000000402fc1fe       0xc6 fs/built-in.o
                0x00000000402fc1fe                ext4fs_read_inode
 .text.read_allocated_block
                0x00000000402fc2c4      0x5f4 fs/built-in.o
                0x00000000402fc2c4                read_allocated_block
 .text.ext4fs_iterate_dir
                0x00000000402fc8b8      0x1f0 fs/built-in.o
                0x00000000402fc8b8                ext4fs_iterate_dir
 .text.ext4fs_find_file1
                0x00000000402fcaa8      0x1b4 fs/built-in.o
 .text.ext4fs_find_file
                0x00000000402fcc5c       0x44 fs/built-in.o
                0x00000000402fcc5c                ext4fs_find_file
 .text.ext4fs_open
                0x00000000402fcca0       0x64 fs/built-in.o
                0x00000000402fcca0                ext4fs_open
 .text.ext4fs_mount
                0x00000000402fcd04       0x90 fs/built-in.o
                0x00000000402fcd04                ext4fs_mount
 .text.ext4fs_set_blk_dev
                0x00000000402fcd94       0x5c fs/built-in.o
                0x00000000402fcd94                ext4fs_set_blk_dev
 .text.ext4fs_devread
                0x00000000402fcdf0      0x188 fs/built-in.o
                0x00000000402fcdf0                ext4fs_devread
 .text.ext4_read_superblock
                0x00000000402fcf78       0x28 fs/built-in.o
                0x00000000402fcf78                ext4_read_superblock
 .text.__udivsi3
                0x00000000402fcfa0       0x9c arch/arm/lib/lib.a(lib1funcs.o)
                0x00000000402fcfa0                __udivsi3
                0x00000000402fcfa0                __aeabi_uidiv
 .text.__divsi3
                0x00000000402fd03c       0xcc arch/arm/lib/lib.a(lib1funcs.o)
                0x00000000402fd03c                __aeabi_idiv
                0x00000000402fd03c                __divsi3
 .text.__aeabi_uidivmod
                0x00000000402fd108       0x30 arch/arm/lib/lib.a(lib1funcs.o)
                0x00000000402fd108                __aeabi_uidivmod
                0x00000000402fd120                __aeabi_idivmod
 .text.Ldiv0    0x00000000402fd138       0x10 arch/arm/lib/lib.a(lib1funcs.o)
 .text.__div0   0x00000000402fd148        0x4 arch/arm/lib/lib.a(div0.o)
                0x00000000402fd148                __div0

.glue_7         0x00000000402fd14c        0x0
 .glue_7        0x00000000402fd14c        0x0 linker stubs

.glue_7t        0x00000000402fd14c        0x0
 .glue_7t       0x00000000402fd14c        0x0 linker stubs

.vfp11_veneer   0x00000000402fd14c        0x0
 .vfp11_veneer  0x00000000402fd14c        0x0 linker stubs

.v4_bx          0x00000000402fd14c        0x0
 .v4_bx         0x00000000402fd14c        0x0 linker stubs

.iplt           0x00000000402fd14c        0x0
 .iplt          0x00000000402fd14c        0x0 arch/arm/cpu/armv7/start.o
                0x00000000402fd14c                . = ALIGN (0x4)

.rodata         0x00000000402fd14c     0x3864
 *(SORT_BY_ALIGNMENT(.rodata*))
 .rodata        0x00000000402fd14c       0x84 arch/arm/mach-omap2/built-in.o
 .rodata.cmwkup
                0x00000000402fd1d0        0x4 arch/arm/mach-omap2/built-in.o
                0x00000000402fd1d0                cmwkup
 .rodata.dpll_core
                0x00000000402fd1d4       0x10 arch/arm/mach-omap2/built-in.o
                0x00000000402fd1d4                dpll_core
 .rodata.dpll_core_opp100
                0x00000000402fd1e4       0x10 arch/arm/mach-omap2/built-in.o
                0x00000000402fd1e4                dpll_core_opp100
 .rodata.dpll_core_regs
                0x00000000402fd1f4       0x24 arch/arm/mach-omap2/built-in.o
                0x00000000402fd1f4                dpll_core_regs
 .rodata.dpll_ddr_regs
                0x00000000402fd218       0x24 arch/arm/mach-omap2/built-in.o
                0x00000000402fd218                dpll_ddr_regs
 .rodata.dpll_mpu
                0x00000000402fd23c       0x10 arch/arm/mach-omap2/built-in.o
                0x00000000402fd23c                dpll_mpu
 .rodata.dpll_mpu_regs
                0x00000000402fd24c       0x24 arch/arm/mach-omap2/built-in.o
                0x00000000402fd24c                dpll_mpu_regs
 .rodata.dpll_per
                0x00000000402fd270       0x10 arch/arm/mach-omap2/built-in.o
                0x00000000402fd270                dpll_per
 .rodata.dpll_per_regs
                0x00000000402fd280       0x24 arch/arm/mach-omap2/built-in.o
                0x00000000402fd280                dpll_per_regs
 .rodata.ddr_cmd_reg
                0x00000000402fd2a4        0x8 arch/arm/mach-omap2/built-in.o
 .rodata.ddr_data_reg
                0x00000000402fd2ac        0x8 arch/arm/mach-omap2/built-in.o
 .rodata.emif_reg
                0x00000000402fd2b4        0x8 arch/arm/mach-omap2/built-in.o
 .rodata.vtpreg
                0x00000000402fd2bc        0x8 arch/arm/mach-omap2/built-in.o
 .rodata.am33xx_serial
                0x00000000402fd2c4       0x78 arch/arm/mach-omap2/built-in.o
 .rodata.gpio_bank_am33xx
                0x00000000402fd33c       0x10 arch/arm/mach-omap2/built-in.o
 .rodata.omap_gpio_bank
                0x00000000402fd34c        0x4 arch/arm/mach-omap2/built-in.o
                0x00000000402fd34c                omap_gpio_bank
 .rodata.ddr2_cmd_ctrl_data
                0x00000000402fd350       0x30 board/ti/am335x/built-in.o
 .rodata.ddr2_data
                0x00000000402fd380       0x18 board/ti/am335x/built-in.o
 .rodata.ddr2_emif_reg_data
                0x00000000402fd398       0x70 board/ti/am335x/built-in.o
 .rodata.ddr2_evm_emif_reg_data
                0x00000000402fd408       0x70 board/ti/am335x/built-in.o
 .rodata.ddr3_beagleblack_cmd_ctrl_data
                0x00000000402fd478       0x30 board/ti/am335x/built-in.o
 .rodata.ddr3_beagleblack_data
                0x00000000402fd4a8       0x18 board/ti/am335x/built-in.o
 .rodata.ddr3_cmd_ctrl_data
                0x00000000402fd4c0       0x30 board/ti/am335x/built-in.o
 .rodata.ddr3_data
                0x00000000402fd4f0       0x18 board/ti/am335x/built-in.o
 .rodata.ddr3_evm_cmd_ctrl_data
                0x00000000402fd508       0x30 board/ti/am335x/built-in.o
 .rodata.ddr3_evm_data
                0x00000000402fd538       0x18 board/ti/am335x/built-in.o
 .rodata.ddr3_icev2_cmd_ctrl_data
                0x00000000402fd550       0x30 board/ti/am335x/built-in.o
 .rodata.ddr3_icev2_data
                0x00000000402fd580       0x18 board/ti/am335x/built-in.o
 .rodata.dpll_ddr
                0x00000000402fd598       0x10 board/ti/am335x/built-in.o
                0x00000000402fd598                dpll_ddr
 .rodata.dpll_ddr_bone_black
                0x00000000402fd5a8       0x10 board/ti/am335x/built-in.o
                0x00000000402fd5a8                dpll_ddr_bone_black
 .rodata.dpll_ddr_evm_sk
                0x00000000402fd5b8       0x10 board/ti/am335x/built-in.o
                0x00000000402fd5b8                dpll_ddr_evm_sk
 .rodata.ioregs
                0x00000000402fd5c8       0x20 board/ti/am335x/built-in.o
                0x00000000402fd5c8                ioregs
 .rodata.ioregs_bonelt
                0x00000000402fd5e8       0x20 board/ti/am335x/built-in.o
                0x00000000402fd5e8                ioregs_bonelt
 .rodata.ioregs_evm15
                0x00000000402fd608       0x20 board/ti/am335x/built-in.o
                0x00000000402fd608                ioregs_evm15
 .rodata.ioregs_evmsk
                0x00000000402fd628       0x20 board/ti/am335x/built-in.o
                0x00000000402fd628                ioregs_evmsk
 .rodata.CSWTCH.19
                0x00000000402fd648       0x20 common/built-in.o
 .rodata.env_flags_varaccess_mask
                0x00000000402fd668       0x10 common/built-in.o
 .rodata.crc_table
                0x00000000402fd678      0x400 lib/built-in.o
 .rodata.CSWTCH.14
                0x00000000402fda78       0x20 disk/built-in.o
 .rodata.CSWTCH.22
                0x00000000402fda98        0xc drivers/built-in.o
 .rodata.ext_csd_bits.9479
                0x00000000402fdaa4       0x14 drivers/built-in.o
 .rodata.ext_to_hostcaps.9480
                0x00000000402fdab8       0x1c drivers/built-in.o
 .rodata.fbase  0x00000000402fdad4       0x10 drivers/built-in.o
 .rodata.sd_au_size
                0x00000000402fdae4       0x40 drivers/built-in.o
 .rodata.widths.9481
                0x00000000402fdb24       0x14 drivers/built-in.o
 .rodata.omap_hsmmc_ops
                0x00000000402fdb38       0x14 drivers/built-in.o
 .rodata.serial_ports
                0x00000000402fdb4c       0x18 drivers/built-in.o
 .rodata.musb_ep_ops
                0x00000000402fdb64       0x28 drivers/built-in.o
 .rodata.musb_gadget_operations
                0x00000000402fdb8c       0x24 drivers/built-in.o
 .rodata.CSWTCH.6
                0x00000000402fdbb0       0x1c drivers/built-in.o
 .rodata.musb_g_ep0_ops
                0x00000000402fdbcc       0x28 drivers/built-in.o
                0x00000000402fdbcc                musb_g_ep0_ops
 .rodata.CSWTCH.47
                0x00000000402fdbf4       0x18 drivers/built-in.o
 .rodata.crc16_tab
                0x00000000402fdc0c      0x200 lib/built-in.o
 .rodata.do_enable_clocks.str1.1
                0x00000000402fde0c       0x2a arch/arm/mach-omap2/built-in.o
 .rodata.do_setup_dpll.str1.1
                0x00000000402fde36       0x3a arch/arm/mach-omap2/built-in.o
 .rodata.str1.1
                0x00000000402fde70       0x29 arch/arm/mach-omap2/built-in.o
 .rodata.config_sdram_emif4d5.str1.1
                0x00000000402fde99       0x2a arch/arm/mach-omap2/built-in.o
 .rodata.do_reset.str1.1
                0x00000000402fdec3        0xf arch/arm/lib/built-in.o
 .rodata.enable_board_pin_mux.str1.1
                0x00000000402fded2       0x6a board/ti/am335x/built-in.o
                                         0x6c (size before relaxing)
 .rodata.am33xx_spl_board_init.str1.1
                0x00000000402fdf3c       0x6b board/ti/am335x/built-in.o
                                         0x7d (size before relaxing)
 .rodata.default_serial_console.str1.1
                0x00000000402fdfa7        0xb board/ti/am335x/built-in.o
 .rodata.do_board_detect.str1.1
                0x00000000402fdfa7       0x1b board/ti/am335x/built-in.o
 .rodata.get_dpll_ddr_params.str1.1
                0x00000000402fdfc2        0x4 board/ti/am335x/built-in.o
                                         0x16 (size before relaxing)
 .rodata.sdram_init.str1.1
                0x00000000402fdfc6        0xb board/ti/am335x/built-in.o
 .rodata.spl_start_uboot.str1.1
                0x00000000402fdfd1        0x8 board/ti/am335x/built-in.o
 .rodata.ti_i2c_eeprom_am_get.str1.1
                0x00000000402fdfd9        0x5 board/ti/common/built-in.o
 .rodata.board_init_r.str1.1
                0x00000000402fdfde       0x61 common/spl/built-in.o
 .rodata.preloader_console_init.str1.1
                0x00000000402fe03f       0x2e common/spl/built-in.o
 .rodata.spl_parse_image_header.str1.1
                0x00000000402fe06d        0x6 common/spl/built-in.o
 .rodata.spl_set_header_raw_uboot.str1.1
                0x00000000402fe073        0x7 common/spl/built-in.o
 .rodata.spl_ymodem_load_image.str1.1
                0x00000000402fe07a       0x27 common/spl/built-in.o
 .rodata.str1.1
                0x00000000402fe0a1       0x16 common/spl/built-in.o
 .rodata.mmc_load_image_raw_sector.str1.1
                0x00000000402fe0b7       0x31 common/spl/built-in.o
 .rodata.spl_mmc_get_device_index.str1.1
                0x00000000402fe0e8       0x23 common/spl/built-in.o
 .rodata.spl_mmc_load_image.str1.1
                0x00000000402fe10b      0x12a common/spl/built-in.o
 .rodata.__func__.7795
                0x00000000402fe235       0x18 common/spl/built-in.o
 .rodata.__func__.7815
                0x00000000402fe24d       0x13 common/spl/built-in.o
 .rodata.__func__.7824
                0x00000000402fe260       0x16 common/spl/built-in.o
 .rodata.spl_load_image_fat.str1.1
                0x00000000402fe276       0x41 common/spl/built-in.o
 .rodata.spl_load_image_fat_os.str1.1
                0x00000000402fe2b7      0x11c common/spl/built-in.o
 .rodata.__func__.7418
                0x00000000402fe3d3       0x13 common/spl/built-in.o
 .rodata.__func__.7430
                0x00000000402fe3e6       0x16 common/spl/built-in.o
 .rodata.spl_load_image_ext.str1.1
                0x00000000402fe3fc       0x94 common/spl/built-in.o
                                         0xba (size before relaxing)
 .rodata.spl_load_image_ext_os.str1.1
                0x00000000402fe490      0x11c common/spl/built-in.o
 .rodata        0x00000000402fe490        0x3 common/built-in.o
 .rodata.str1.1
                0x00000000402fe493      0x676 common/built-in.o
                                        0x69b (size before relaxing)
 .rodata.xyzModem_error.str1.1
                0x00000000402feb09        0xe common/built-in.o
 .rodata.xyzModem_stream_close.str1.1
                0x00000000402feb17       0x47 common/built-in.o
                                         0x4b (size before relaxing)
 .rodata.xyzModem_stream_open.str1.1
                0x00000000402feb5e       0x47 common/built-in.o
                                          0x2 (size before relaxing)
 .rodata.regex_callback.str1.1
                0x00000000402feb5e       0x20 common/built-in.o
 .rodata.env_flags_init.str1.1
                0x00000000402feb7e       0x57 common/built-in.o
 .rodata.env_flags_parse_varaccess.str1.1
                0x00000000402febd5       0x3d common/built-in.o
 .rodata.env_flags_parse_vartype.str1.1
                0x00000000402fec12       0x34 common/built-in.o
 .rodata.env_flags_validate.str1.1
                0x00000000402fec46       0xb2 common/built-in.o
                                         0xb3 (size before relaxing)
 .rodata.env_flags_varaccess_rep
                0x00000000402fecf8        0x5 common/built-in.o
 .rodata.env_flags_vartype_rep
                0x00000000402fecfd        0x7 common/built-in.o
 .rodata.env_callback_init.str1.1
                0x00000000402fed04       0xff common/built-in.o
 .rodata.env_relocate_spec.str1.1
                0x00000000402fee03       0x88 common/built-in.o
 .rodata.init_mmc_for_env.str1.1
                0x00000000402fee8b       0x5e common/built-in.o
 .rodata.__func__.7525
                0x00000000402feee9       0x10 common/built-in.o
 .rodata.__func__.7541
                0x00000000402feef9        0xb common/built-in.o
 .rodata.default_environment
                0x00000000402fef04       0xe1 common/built-in.o
                0x00000000402fef04                default_environment
 .rodata.env_import.str1.1
                0x00000000402fefe5       0x4c common/built-in.o
                                         0x55 (size before relaxing)
 .rodata.set_default_env.str1.1
                0x00000000402ff031       0x9b common/built-in.o
 .rodata.getenv_f.str1.1
                0x00000000402ff0cc       0x30 cmd/built-in.o
 .rodata        0x00000000402ff0fc       0x20 lib/built-in.o
 .rodata.himport_r.str1.1
                0x00000000402ff11c       0x99 lib/built-in.o
 .rodata._ctype
                0x00000000402ff1b5      0x100 lib/built-in.o
                0x00000000402ff1b5                _ctype
 .rodata.hang.str1.1
                0x00000000402ff2b5       0x2a lib/built-in.o
 .rodata.compile.str1.1
                0x00000000402ff2df       0x4a lib/built-in.o
 .rodata.emit.str1.1
                0x00000000402ff329       0x1f lib/built-in.o
 .rodata.match.str1.1
                0x00000000402ff348       0x18 lib/built-in.o
 .rodata.quantifier.str1.1
                0x00000000402ff360       0x17 lib/built-in.o
 .rodata.store_char_in_data.str1.1
                0x00000000402ff377       0x1f lib/built-in.o
 .rodata.uuid_bin_to_str.str1.1
                0x00000000402ff396       0x1f lib/built-in.o
                                          0x5 (size before relaxing)
 .rodata.digits.7111
                0x00000000402ff396       0x10 lib/built-in.o
 .rodata.hex_asc
                0x00000000402ff3a6       0x11 lib/built-in.o
 .rodata.string.str1.1
                0x00000000402ff3b7        0x7 lib/built-in.o
 .rodata.part_set_generic_name.str1.1
                0x00000000402ff3be        0xa disk/built-in.o
 .rodata.str1.1
                0x00000000402ff3c8       0x1f disk/built-in.o
                                         0x22 (size before relaxing)
 .rodata.part_get_info_extended.str1.1
                0x00000000402ff3e7        0xa disk/built-in.o
                                         0x11 (size before relaxing)
 .rodata.print_partition_extended.str1.1
                0x00000000402ff3f1       0x83 disk/built-in.o
                                         0x84 (size before relaxing)
 .rodata.test_block_type.str1.1
                0x00000000402ff474        0xa disk/built-in.o
 .rodata.part_get_info_iso_verb.str1.1
                0x00000000402ff47e      0x1bf disk/built-in.o
                                        0x1c6 (size before relaxing)
 .rodata.part_print_iso.str1.1
                0x00000000402ff63d       0x68 disk/built-in.o
 .rodata.__func__.7285
                0x00000000402ff6a5       0x12 disk/built-in.o
 .rodata.__func__.7414
                0x00000000402ff6b7        0xd disk/built-in.o
 .rodata.__func__.7423
                0x00000000402ff6c4       0x17 disk/built-in.o
 .rodata.__func__.7428
                0x00000000402ff6db        0xd disk/built-in.o
 .rodata.is_gpt_valid.str1.1
                0x00000000402ff6e8       0xc4 disk/built-in.o
 .rodata.part_get_info_efi.str1.1
                0x00000000402ff7ac       0x6c disk/built-in.o
                                         0x76 (size before relaxing)
 .rodata.validate_gpt_entries.str1.1
                0x00000000402ff818       0x40 disk/built-in.o
 .rodata.validate_gpt_header.str1.1
                0x00000000402ff858       0xe1 disk/built-in.o
 .rodata.i2c_get_adapter.str1.1
                0x00000000402ff939       0x2d drivers/built-in.o
 .rodata.__func__.9427
                0x00000000402ff966       0x14 drivers/built-in.o
 .rodata.__omap24_i2c_setspeed.str1.1
                0x00000000402ff97a       0x4c drivers/built-in.o
 .rodata.omap24_get_base.isra.0.str1.1
                0x00000000402ff9c6       0x14 drivers/built-in.o
 .rodata.omap24_i2c_init.str1.1
                0x00000000402ff9da       0x45 drivers/built-in.o
 .rodata.omap24_i2c_probe.str1.1
                0x00000000402ffa1f       0x3e drivers/built-in.o
 .rodata.omap24_i2c_read.str1.1
                0x00000000402ffa5d      0x15c drivers/built-in.o
 .rodata.omap24_i2c_setspeed.str1.1
                0x00000000402ffbb9       0x4b drivers/built-in.o
 .rodata.omap24_i2c_write.str1.1
                0x00000000402ffc04      0x1d6 drivers/built-in.o
 .rodata.str1.1
                0x00000000402ffdda       0x3e drivers/built-in.o
                                         0x4b (size before relaxing)
 .rodata.wait_for_bb.str1.1
                0x00000000402ffe18       0x27 drivers/built-in.o
 .rodata.wait_for_event.str1.1
                0x00000000402ffe3f       0x61 drivers/built-in.o
 .rodata.check_gpio.str1.1
                0x00000000402ffea0       0x25 drivers/built-in.o
 .rodata.find_mmc_device.str1.1
                0x00000000402ffec5       0x19 drivers/built-in.o
 .rodata.mmc_bread.str1.1
                0x00000000402ffede       0x47 drivers/built-in.o
 .rodata.mmc_send_status.str1.1
                0x00000000402fff25       0x32 drivers/built-in.o
 .rodata.mmc_start_init.str1.1
                0x00000000402fff57       0x3f drivers/built-in.o
 .rodata.mmc_startup.str1.1
                0x00000000402fff96       0x3e drivers/built-in.o
 .rodata.multipliers
                0x00000000402fffd4       0x10 drivers/built-in.o
 .rodata.__func__.10045
                0x00000000402fffe4       0x10 drivers/built-in.o
 .rodata.__func__.10075
                0x00000000402ffff4       0x16 drivers/built-in.o
 .rodata.__func__.10139
                0x000000004030000a       0x19 drivers/built-in.o
 .rodata.__func__.10154
                0x0000000040300023       0x14 drivers/built-in.o
 .rodata.__func__.10202
                0x0000000040300037        0xe drivers/built-in.o
 .rodata.__func__.10237
                0x0000000040300045        0xf drivers/built-in.o
 .rodata.__func__.10302
                0x0000000040300054       0x13 drivers/built-in.o
 .rodata.mmc_init_stream.str1.1
                0x0000000040300067       0x3d drivers/built-in.o
 .rodata.mmc_reset_controller_fsm.str1.1
                0x00000000403000a4       0x2d drivers/built-in.o
 .rodata.omap_hsmmc_init_setup.str1.1
                0x00000000403000d1       0x28 drivers/built-in.o
 .rodata.omap_hsmmc_send_cmd.str1.1
                0x00000000403000f9       0x9d drivers/built-in.o
 .rodata.omap_hsmmc_set_ios.str1.1
                0x0000000040300196       0x1f drivers/built-in.o
 .rodata.omap_mmc_init.str1.1
                0x00000000403001b5       0x1a drivers/built-in.o
 .rodata.get_current.str1.1
                0x00000000403001cf       0x15 drivers/built-in.o
 .rodata.init_peripheral_ep.str1.1
                0x00000000403001e4        0x7 drivers/built-in.o
                                          0xf (size before relaxing)
 .rodata.__func__.10765
                0x00000000403001eb        0xf drivers/built-in.o
 .rodata.musb_g_ep0_irq.str1.1
                0x00000000403001fa       0xb0 drivers/built-in.o
 .rodata.CSWTCH.48
                0x00000000403002aa        0x6 drivers/built-in.o
 .rodata.__FUNCTION__.10636
                0x00000000403002b0       0x12 drivers/built-in.o
 .rodata.musb_driver_name
                0x00000000403002c2        0xa drivers/built-in.o
                0x00000000403002c2                musb_driver_name
 .rodata.musb_init_controller.str1.1
                0x00000000403002cc       0xde drivers/built-in.o
                                         0xe2 (size before relaxing)
 .rodata.musb_test_packet
                0x00000000403003aa       0x35 drivers/built-in.o
 .rodata.__func__.10625
                0x00000000403003df        0xf drivers/built-in.o
 .rodata.__func__.10666
                0x00000000403003ee       0x10 drivers/built-in.o
 .rodata.__func__.10689
                0x00000000403003fe       0x14 drivers/built-in.o
 .rodata.__func__.10703
                0x0000000040300412        0xf drivers/built-in.o
 .rodata.__func__.10751
                0x0000000040300421        0xd drivers/built-in.o
 .rodata.musb_h_ep0_flush_fifo.str1.1
                0x000000004030042e       0x2b drivers/built-in.o
 .rodata.musb_h_ep0_irq.str1.1
                0x0000000040300459       0x34 drivers/built-in.o
 .rodata.musb_host_rx.str1.1
                0x000000004030048d       0x2f drivers/built-in.o
 .rodata.musb_start_urb.str1.1
                0x00000000403004bc       0x48 drivers/built-in.o
 .rodata.disk_write.str1.1
                0x0000000040300504       0x18 fs/built-in.o
 .rodata.do_fat_read_at.str1.1
                0x000000004030051c       0x82 fs/built-in.o
                                         0x83 (size before relaxing)
 .rodata.fat_register_device.str1.1
                0x000000004030059e       0x2b fs/built-in.o
 .rodata.fat_set_blk_dev.str1.1
                0x00000000403005c9        0x3 fs/built-in.o
                                          0xd (size before relaxing)
 .rodata.file_fat_read_at.str1.1
                0x00000000403005cc        0xc fs/built-in.o
 .rodata.get_cluster.str1.1
                0x00000000403005d8       0x25 fs/built-in.o
 .rodata.get_fatent.str1.1
                0x00000000403005fd       0x22 fs/built-in.o
 .rodata.get_vfatname.str1.1
                0x000000004030061f       0x13 fs/built-in.o
 .rodata.read_bootsectandvi.str1.1
                0x0000000040300632       0x1b fs/built-in.o
 .rodata.ext4fs_iterate_dir.str1.1
                0x000000004030064d       0x4a fs/built-in.o
 .rodata.ext4fs_mount.str1.1
                0x0000000040300697       0x24 fs/built-in.o
 .rodata.read_allocated_block.str1.1
                0x00000000403006bb      0x240 fs/built-in.o
 .rodata.__func__.7549
                0x00000000403008fb        0xf fs/built-in.o
 .rodata.ext4fs_devread.str1.1
                0x000000004030090a       0xa6 fs/built-in.o

.rel.dyn        0x00000000403009b0        0x0
 .rel.iplt      0x00000000403009b0        0x0 arch/arm/cpu/armv7/start.o
                0x00000000403009b0                . = ALIGN (0x4)

.data           0x00000000403009b0      0xd24
 *(SORT_BY_ALIGNMENT(.data*))
 .data          0x00000000403009b0       0xd8 arch/arm/lib/built-in.o
                0x00000000403009b0                gdata
 .data.dpll_mpu_opp100
                0x0000000040300a88       0x10 arch/arm/mach-omap2/built-in.o
                0x0000000040300a88                dpll_mpu_opp100
 .data.cstat    0x0000000040300a98        0x4 arch/arm/mach-omap2/built-in.o
                0x0000000040300a98                cstat
 .data.musb_config
                0x0000000040300a9c       0x18 arch/arm/mach-omap2/built-in.o
 .data.otg0_board_data
                0x0000000040300ab4       0x14 arch/arm/mach-omap2/built-in.o
                0x0000000040300ab4                otg0_board_data
 .data.otg0_plat
                0x0000000040300ac8       0x20 arch/arm/mach-omap2/built-in.o
 .data.otg1_board_data
                0x0000000040300ae8       0x14 arch/arm/mach-omap2/built-in.o
                0x0000000040300ae8                otg1_board_data
 .data.otg1_plat
                0x0000000040300afc       0x20 arch/arm/mach-omap2/built-in.o
 .data.gpio0_18_pin_mux
                0x0000000040300b1c       0x10 board/ti/am335x/built-in.o
 .data.gpio0_7_pin_mux
                0x0000000040300b2c       0x10 board/ti/am335x/built-in.o
 .data.i2c0_pin_mux
                0x0000000040300b3c       0x18 board/ti/am335x/built-in.o
 .data.i2c1_pin_mux
                0x0000000040300b54       0x18 board/ti/am335x/built-in.o
 .data.mii1_pin_mux
                0x0000000040300b6c       0x80 board/ti/am335x/built-in.o
 .data.mmc0_no_cd_pin_mux
                0x0000000040300bec       0x40 board/ti/am335x/built-in.o
 .data.mmc0_pin_mux
                0x0000000040300c2c       0x48 board/ti/am335x/built-in.o
 .data.mmc0_pin_mux_sk_evm
                0x0000000040300c74       0x40 board/ti/am335x/built-in.o
 .data.mmc1_pin_mux
                0x0000000040300cb4       0x48 board/ti/am335x/built-in.o
 .data.rgmii1_pin_mux
                0x0000000040300cfc       0x78 board/ti/am335x/built-in.o
 .data.rmii1_pin_mux
                0x0000000040300d74       0x58 board/ti/am335x/built-in.o
 .data.spi0_pin_mux
                0x0000000040300dcc       0x28 board/ti/am335x/built-in.o
 .data.uart0_pin_mux
                0x0000000040300df4       0x18 board/ti/am335x/built-in.o
 .data.uart3_icev2_pin_mux
                0x0000000040300e0c       0x18 board/ti/am335x/built-in.o
 .data.ddr3_beagleblack_emif_reg_data
                0x0000000040300e24       0x70 board/ti/am335x/built-in.o
 .data.ddr3_emif_reg_data
                0x0000000040300e94       0x70 board/ti/am335x/built-in.o
 .data.ddr3_evm_emif_reg_data
                0x0000000040300f04       0x70 board/ti/am335x/built-in.o
 .data.ddr3_icev2_emif_reg_data
                0x0000000040300f74       0x70 board/ti/am335x/built-in.o
 .data          0x0000000040300fe4       0x50 common/spl/built-in.o
 .data.first_call
                0x0000000040301034        0x8 common/built-in.o
 .data.env_htab
                0x000000004030103c       0x10 common/built-in.o
                0x000000004030103c                env_htab
 .data.av_      0x000000004030104c      0x408 common/built-in.o
 .data.sbrk_base
                0x0000000040301454        0x4 common/built-in.o
 .data.trim_threshold
                0x0000000040301458        0x4 common/built-in.o
 .data.cur_dev_num
                0x000000004030145c        0x4 drivers/built-in.o
 .data.eserial1_device
                0x0000000040301460       0x30 drivers/built-in.o
                0x0000000040301460                eserial1_device
 .data.eserial4_device
                0x0000000040301490       0x30 drivers/built-in.o
                0x0000000040301490                eserial4_device
 .data.musb_dsps_ops
                0x00000000403014c0       0x24 drivers/built-in.o
                0x00000000403014c0                musb_dsps_ops
 .data.wdt_trgr_pattern
                0x00000000403014e4        0x4 drivers/built-in.o
 .data.ext4fs_indir1_blkno
                0x00000000403014e8        0x4 fs/built-in.o
                0x00000000403014e8                ext4fs_indir1_blkno
 .data.ext4fs_indir2_blkno
                0x00000000403014ec        0x4 fs/built-in.o
                0x00000000403014ec                ext4fs_indir2_blkno
 .data.ext4fs_indir3_blkno
                0x00000000403014f0        0x4 fs/built-in.o
                0x00000000403014f0                ext4fs_indir3_blkno
 .data.ep0_cfg  0x00000000403014f4        0x6 drivers/built-in.o
 .data.fifo_mode
                0x00000000403014fa        0x2 drivers/built-in.o
 .data.mode_0_cfg
                0x00000000403014fc       0x1e drivers/built-in.o
 .data.mode_1_cfg
                0x000000004030151a       0x1e drivers/built-in.o
 .data.mode_2_cfg
                0x0000000040301538       0x24 drivers/built-in.o
 .data.mode_3_cfg
                0x000000004030155c       0x24 drivers/built-in.o
 .data.mode_4_cfg
                0x0000000040301580       0xa2 drivers/built-in.o
 .data.mode_5_cfg
                0x0000000040301622       0xa2 drivers/built-in.o
 .data.system_guid
                0x00000000403016c4       0x10 disk/built-in.o

.igot.plt       0x00000000403016d4        0x0
 .igot.plt      0x00000000403016d4        0x0 arch/arm/cpu/armv7/start.o

.u_boot_list    0x00000000403016d4      0x144
 *(SORT_BY_NAME(.u_boot_list*))
 .u_boot_list_2_blk_driver_1
                0x00000000403016d4        0x0 drivers/built-in.o
 .u_boot_list_2_blk_driver_2_mmc
                0x00000000403016d4       0x18 drivers/built-in.o
                0x00000000403016d4                _u_boot_list_2_blk_driver_2_mmc
 .u_boot_list_2_blk_driver_3
                0x00000000403016ec        0x0 drivers/built-in.o
 .u_boot_list_2_cmd_1
                0x00000000403016ec        0x0 common/built-in.o
 .u_boot_list_2_cmd_3
                0x00000000403016ec        0x0 common/built-in.o
 .u_boot_list_2_driver_info_2_am33xx_uarts
                0x00000000403016ec       0x30 arch/arm/mach-omap2/built-in.o
                0x00000000403016ec                _u_boot_list_2_driver_info_2_am33xx_uarts
 .u_boot_list_2_env_clbk_1
                0x000000004030171c        0x0 common/built-in.o
 .u_boot_list_2_env_clbk_3
                0x000000004030171c        0x0 common/built-in.o
 .u_boot_list_2_i2c_1
                0x000000004030171c        0x0 drivers/built-in.o
 .u_boot_list_2_i2c_2_omap24_0
                0x000000004030171c       0x2c drivers/built-in.o
                0x000000004030171c                _u_boot_list_2_i2c_2_omap24_0
 .u_boot_list_2_i2c_2_omap24_1
                0x0000000040301748       0x2c drivers/built-in.o
                0x0000000040301748                _u_boot_list_2_i2c_2_omap24_1
 .u_boot_list_2_i2c_2_omap24_2
                0x0000000040301774       0x2c drivers/built-in.o
                0x0000000040301774                _u_boot_list_2_i2c_2_omap24_2
 .u_boot_list_2_i2c_3
                0x00000000403017a0        0x0 drivers/built-in.o
 .u_boot_list_2_part_driver_1
                0x00000000403017a0        0x0 disk/built-in.o
 .u_boot_list_2_part_driver_2_a_efi
                0x00000000403017a0       0x18 disk/built-in.o
                0x00000000403017a0                _u_boot_list_2_part_driver_2_a_efi
 .u_boot_list_2_part_driver_2_dos
                0x00000000403017b8       0x18 disk/built-in.o
                0x00000000403017b8                _u_boot_list_2_part_driver_2_dos
 .u_boot_list_2_part_driver_2_iso
                0x00000000403017d0       0x18 disk/built-in.o
                0x00000000403017d0                _u_boot_list_2_part_driver_2_iso
 .u_boot_list_2_part_driver_3
                0x00000000403017e8        0x0 disk/built-in.o
 .u_boot_list_2_spl_image_loader_1
                0x00000000403017e8        0x0 common/spl/built-in.o
 .u_boot_list_2_spl_image_loader_2_spl_mmc_load_image0BOOT_DEVICE_MMC1
                0x00000000403017e8        0xc common/spl/built-in.o
                0x00000000403017e8                _u_boot_list_2_spl_image_loader_2_spl_mmc_load_image0BOOT_DEVICE_MMC1
 .u_boot_list_2_spl_image_loader_2_spl_mmc_load_image0BOOT_DEVICE_MMC2
                0x00000000403017f4        0xc common/spl/built-in.o
                0x00000000403017f4                _u_boot_list_2_spl_image_loader_2_spl_mmc_load_image0BOOT_DEVICE_MMC2
 .u_boot_list_2_spl_image_loader_2_spl_mmc_load_image0BOOT_DEVICE_MMC2_2
                0x0000000040301800        0xc common/spl/built-in.o
                0x0000000040301800                _u_boot_list_2_spl_image_loader_2_spl_mmc_load_image0BOOT_DEVICE_MMC2_2
 .u_boot_list_2_spl_image_loader_2_spl_ymodem_load_image0BOOT_DEVICE_UART
                0x000000004030180c        0xc common/spl/built-in.o
                0x000000004030180c                _u_boot_list_2_spl_image_loader_2_spl_ymodem_load_image0BOOT_DEVICE_UART
 .u_boot_list_2_spl_image_loader_3
                0x0000000040301818        0x0 common/spl/built-in.o
                0x0000000040301818                . = ALIGN (0x4)
                0x0000000040301818                __image_copy_end = .

.end
 *(.__end)

.bss            0x0000000080a00000    0x30e40
                0x0000000080a00000                . = ALIGN (0x4)
                0x0000000080a00000                __bss_start = .
 *(.bss*)
 .bss.fat_registered
                0x0000000080a00000        0x4 common/spl/built-in.o
 .bss.xyz       0x0000000080a00004      0x434 common/built-in.o
 .bss.flags_list
                0x0000000080a00438        0x4 common/built-in.o
 .bss.callback_list
                0x0000000080a0043c        0x4 common/built-in.o
 .bss.env_flags
                0x0000000080a00440        0x1 common/built-in.o
 .bss.env_mmc_orig_hwpart
                0x0000000080a00441        0x1 common/built-in.o
 *fill*         0x0000000080a00442        0x2 
 .bss.env_ptr   0x0000000080a00444        0x4 common/built-in.o
                0x0000000080a00444                env_ptr
 .bss.current_mallinfo
                0x0000000080a00448       0x28 common/built-in.o
 .bss.max_sbrked_mem
                0x0000000080a00470        0x4 common/built-in.o
 .bss.max_total_mem
                0x0000000080a00474        0x4 common/built-in.o
 .bss.mem_malloc_brk
                0x0000000080a00478        0x4 common/built-in.o
                0x0000000080a00478                mem_malloc_brk
 .bss.mem_malloc_end
                0x0000000080a0047c        0x4 common/built-in.o
                0x0000000080a0047c                mem_malloc_end
 .bss.mem_malloc_start
                0x0000000080a00480        0x4 common/built-in.o
                0x0000000080a00480                mem_malloc_start
 .bss.top_pad   0x0000000080a00484        0x4 common/built-in.o
 .bss.stdio_devices
                0x0000000080a00488        0xc common/built-in.o
                0x0000000080a00488                stdio_devices
 .bss.errno     0x0000000080a00494        0x4 lib/built-in.o
                0x0000000080a00494                errno
 .bss.tmpbuf    0x0000000080a00498      0x800 disk/built-in.o
 .bss.name.7236
                0x0000000080a00c98       0x25 disk/built-in.o
 *fill*         0x0000000080a00cbd        0x3 
 .bss.mmc_devices
                0x0000000080a00cc0        0x8 drivers/built-in.o
 .bss.initialized.9534
                0x0000000080a00cc8        0x4 drivers/built-in.o
 .bss.serial_current
                0x0000000080a00ccc        0x4 drivers/built-in.o
 .bss.gadget    0x0000000080a00cd0        0x4 drivers/built-in.o
 .bss.musb_host
                0x0000000080a00cd4       0x60 drivers/built-in.o
                0x0000000080a00cd4                musb_host
 .bss.cur_dev   0x0000000080a00d34        0x4 fs/built-in.o
 .bss.cur_part_info
                0x0000000080a00d38       0x78 fs/built-in.o
 *fill*         0x0000000080a00db0       0x10 
 .bss.do_fat_read_at_block
                0x0000000080a00dc0    0x10000 fs/built-in.o
                0x0000000080a00dc0                do_fat_read_at_block
 .bss.get_contents_vfatname_block
                0x0000000080a10dc0    0x10000 fs/built-in.o
                0x0000000080a10dc0                get_contents_vfatname_block
 .bss.get_dentfromdir_block
                0x0000000080a20dc0    0x10000 fs/built-in.o
                0x0000000080a20dc0                get_dentfromdir_block
 .bss.num_of_fats
                0x0000000080a30dc0        0x1 fs/built-in.o
 *fill*         0x0000000080a30dc1        0x3 
 .bss.total_sector
                0x0000000080a30dc4        0x4 fs/built-in.o
 .bss.ext_fs    0x0000000080a30dc8       0x48 fs/built-in.o
                0x0000000080a30dc8                ext_fs
 .bss.ext4fs_file
                0x0000000080a30e10        0x4 fs/built-in.o
                0x0000000080a30e10                ext4fs_file
 .bss.ext4fs_indir1_block
                0x0000000080a30e14        0x4 fs/built-in.o
                0x0000000080a30e14                ext4fs_indir1_block
 .bss.ext4fs_indir1_size
                0x0000000080a30e18        0x4 fs/built-in.o
                0x0000000080a30e18                ext4fs_indir1_size
 .bss.ext4fs_indir2_block
                0x0000000080a30e1c        0x4 fs/built-in.o
                0x0000000080a30e1c                ext4fs_indir2_block
 .bss.ext4fs_indir2_size
                0x0000000080a30e20        0x4 fs/built-in.o
                0x0000000080a30e20                ext4fs_indir2_size
 .bss.ext4fs_indir3_block
                0x0000000080a30e24        0x4 fs/built-in.o
                0x0000000080a30e24                ext4fs_indir3_block
 .bss.ext4fs_indir3_size
                0x0000000080a30e28        0x4 fs/built-in.o
                0x0000000080a30e28                ext4fs_indir3_size
 .bss.ext4fs_root
                0x0000000080a30e2c        0x4 fs/built-in.o
                0x0000000080a30e2c                ext4fs_root
 .bss.symlinknest
                0x0000000080a30e30        0x4 fs/built-in.o
 .bss.ext4fs_blk_desc
                0x0000000080a30e34        0x4 fs/built-in.o
 .bss.part_info
                0x0000000080a30e38        0x4 fs/built-in.o
 .bss.part_offset
                0x0000000080a30e3c        0x4 fs/built-in.o
                0x0000000080a30e3c                part_offset
                0x0000000080a30e40                . = ALIGN (0x4)
                0x0000000080a30e40                __bss_end = .
Address of section .text set to 0x402f0400
LOAD arch/arm/cpu/armv7/start.o
START GROUP
LOAD arch/arm/mach-omap2/built-in.o
LOAD arch/arm/cpu/armv7/built-in.o
LOAD arch/arm/cpu/built-in.o
LOAD arch/arm/lib/built-in.o