usb.c:318:1:usb_set_maxpacket_ep	12	static
usb.c:134:5:usb_stop	8	static
usb.c:155:5:usb_detect_change	32	static
usb.c:183:5:usb_disable_asynch	0	static
usb.c:201:5:usb_submit_int_msg	0	static
usb.c:216:5:usb_control_msg	160	static
usb.c:557:12:usb_get_descriptor	40	static
usb.c:922:12:get_descriptor_len	608	static
usb.c:723:12:usb_get_string	56	static
usb.c:759:12:usb_string_sub	32	static
usb.c:268:5:usb_bulk_msg	16	static
usb.c:297:5:usb_maxpacket	0	static
usb.c:528:5:usb_clear_halt	48	static
usb.c:569:5:usb_get_configuration_len	152	static
usb.c:592:5:usb_get_configuration_no	16	static
usb.c:622:5:usb_set_interface	48	static
usb.c:680:5:usb_set_protocol	40	static
usb.c:690:5:usb_set_idle	40	static
usb.c:700:5:usb_get_report	40	static
usb.c:712:5:usb_get_class_descriptor	40	static
usb.c:799:5:usb_string	600	static
usb.c:860:20:usb_get_dev_index	0	static
usb.c:868:5:usb_alloc_new_device	24	static
usb.c:894:6:usb_free_device	16	static
usb.c:908:12:usb_alloc_device	0	static
usb.c:1059:5:usb_select_config	64	static
usb.c:1142:5:usb_setup_device	48	static
usb.c:1168:5:usb_new_device	8	static
usb.c:60:5:usb_init	32	static
usb.c:1196:5:board_usb_init	0	static
usb.c:1202:5:board_usb_cleanup	0	static
usb.c:1207:6:usb_device_has_child_on_port	0	static
usb.c:1252:6:usb_find_usb2_hub_address_port	16	static
